Archive member included to satisfy reference by file (symbol)

c:/program files (x86)/atmel/studio/7.0/toolchain/avr8/avr8-gnu-toolchain/bin/../lib/gcc/avr/5.4.0/../../../../avr/lib/avrxmega4\libm.a(addsf3.o)
                              src/Goertzel.o (__subsf3)
c:/program files (x86)/atmel/studio/7.0/toolchain/avr8/avr8-gnu-toolchain/bin/../lib/gcc/avr/5.4.0/../../../../avr/lib/avrxmega4\libm.a(addsf3x.o)
                              c:/program files (x86)/atmel/studio/7.0/toolchain/avr8/avr8-gnu-toolchain/bin/../lib/gcc/avr/5.4.0/../../../../avr/lib/avrxmega4\libm.a(addsf3.o) (__addsf3x)
c:/program files (x86)/atmel/studio/7.0/toolchain/avr8/avr8-gnu-toolchain/bin/../lib/gcc/avr/5.4.0/../../../../avr/lib/avrxmega4\libm.a(ceil.o)
                              src/util.o (ceil)
c:/program files (x86)/atmel/studio/7.0/toolchain/avr8/avr8-gnu-toolchain/bin/../lib/gcc/avr/5.4.0/../../../../avr/lib/avrxmega4\libm.a(cmpsf2.o)
                              src/Goertzel.o (__ltsf2)
c:/program files (x86)/atmel/studio/7.0/toolchain/avr8/avr8-gnu-toolchain/bin/../lib/gcc/avr/5.4.0/../../../../avr/lib/avrxmega4\libm.a(cos.o)
                              src/Goertzel.o (cos)
c:/program files (x86)/atmel/studio/7.0/toolchain/avr8/avr8-gnu-toolchain/bin/../lib/gcc/avr/5.4.0/../../../../avr/lib/avrxmega4\libm.a(divsf3.o)
                              src/Goertzel.o (__divsf3)
c:/program files (x86)/atmel/studio/7.0/toolchain/avr8/avr8-gnu-toolchain/bin/../lib/gcc/avr/5.4.0/../../../../avr/lib/avrxmega4\libm.a(divsf3x.o)
                              c:/program files (x86)/atmel/studio/7.0/toolchain/avr8/avr8-gnu-toolchain/bin/../lib/gcc/avr/5.4.0/../../../../avr/lib/avrxmega4\libm.a(divsf3.o) (__divsf3x)
c:/program files (x86)/atmel/studio/7.0/toolchain/avr8/avr8-gnu-toolchain/bin/../lib/gcc/avr/5.4.0/../../../../avr/lib/avrxmega4\libm.a(fixsfsi.o)
                              src/Goertzel.o (__fixsfsi)
c:/program files (x86)/atmel/studio/7.0/toolchain/avr8/avr8-gnu-toolchain/bin/../lib/gcc/avr/5.4.0/../../../../avr/lib/avrxmega4\libm.a(fixunssfsi.o)
                              main.o (__fixunssfsi)
c:/program files (x86)/atmel/studio/7.0/toolchain/avr8/avr8-gnu-toolchain/bin/../lib/gcc/avr/5.4.0/../../../../avr/lib/avrxmega4\libm.a(floatsisf.o)
                              main.o (__floatunsisf)
c:/program files (x86)/atmel/studio/7.0/toolchain/avr8/avr8-gnu-toolchain/bin/../lib/gcc/avr/5.4.0/../../../../avr/lib/avrxmega4\libm.a(fp_cmp.o)
                              c:/program files (x86)/atmel/studio/7.0/toolchain/avr8/avr8-gnu-toolchain/bin/../lib/gcc/avr/5.4.0/../../../../avr/lib/avrxmega4\libm.a(cmpsf2.o) (__fp_cmp)
c:/program files (x86)/atmel/studio/7.0/toolchain/avr8/avr8-gnu-toolchain/bin/../lib/gcc/avr/5.4.0/../../../../avr/lib/avrxmega4\libm.a(fp_inf.o)
                              c:/program files (x86)/atmel/studio/7.0/toolchain/avr8/avr8-gnu-toolchain/bin/../lib/gcc/avr/5.4.0/../../../../avr/lib/avrxmega4\libm.a(addsf3x.o) (__fp_inf)
c:/program files (x86)/atmel/studio/7.0/toolchain/avr8/avr8-gnu-toolchain/bin/../lib/gcc/avr/5.4.0/../../../../avr/lib/avrxmega4\libm.a(fp_mintl.o)
                              c:/program files (x86)/atmel/studio/7.0/toolchain/avr8/avr8-gnu-toolchain/bin/../lib/gcc/avr/5.4.0/../../../../avr/lib/avrxmega4\libm.a(ceil.o) (__fp_mintl)
c:/program files (x86)/atmel/studio/7.0/toolchain/avr8/avr8-gnu-toolchain/bin/../lib/gcc/avr/5.4.0/../../../../avr/lib/avrxmega4\libm.a(fp_mpack.o)
                              c:/program files (x86)/atmel/studio/7.0/toolchain/avr8/avr8-gnu-toolchain/bin/../lib/gcc/avr/5.4.0/../../../../avr/lib/avrxmega4\libm.a(ceil.o) (__fp_mpack)
c:/program files (x86)/atmel/studio/7.0/toolchain/avr8/avr8-gnu-toolchain/bin/../lib/gcc/avr/5.4.0/../../../../avr/lib/avrxmega4\libm.a(fp_nan.o)
                              c:/program files (x86)/atmel/studio/7.0/toolchain/avr8/avr8-gnu-toolchain/bin/../lib/gcc/avr/5.4.0/../../../../avr/lib/avrxmega4\libm.a(addsf3x.o) (__fp_nan)
c:/program files (x86)/atmel/studio/7.0/toolchain/avr8/avr8-gnu-toolchain/bin/../lib/gcc/avr/5.4.0/../../../../avr/lib/avrxmega4\libm.a(fp_pscA.o)
                              c:/program files (x86)/atmel/studio/7.0/toolchain/avr8/avr8-gnu-toolchain/bin/../lib/gcc/avr/5.4.0/../../../../avr/lib/avrxmega4\libm.a(addsf3x.o) (__fp_pscA)
c:/program files (x86)/atmel/studio/7.0/toolchain/avr8/avr8-gnu-toolchain/bin/../lib/gcc/avr/5.4.0/../../../../avr/lib/avrxmega4\libm.a(fp_pscB.o)
                              c:/program files (x86)/atmel/studio/7.0/toolchain/avr8/avr8-gnu-toolchain/bin/../lib/gcc/avr/5.4.0/../../../../avr/lib/avrxmega4\libm.a(addsf3x.o) (__fp_pscB)
c:/program files (x86)/atmel/studio/7.0/toolchain/avr8/avr8-gnu-toolchain/bin/../lib/gcc/avr/5.4.0/../../../../avr/lib/avrxmega4\libm.a(fp_rempio2.o)
[...]
Memory Configuration

Name             Origin             Length             Attributes
text             0x00000000         0x00020000         xr
data             0x00804000         0x00004000         rw !x
eeprom           0x00810000         0x00000200         rw !x
fuse             0x00820000         0x00000010         rw !x
lock             0x00830000         0x00000400         rw !x
signature        0x00840000         0x00000400         rw !x
user_signatures  0x00850000         0x00000400         rw !x
*default*        0x00000000         0xffffffff

Linker script and memory map

Address of section .data set to 0x804000
                0x00008000                __RODATA_PM_OFFSET__ = 0x8000
LOAD C:/Program Files (x86)/Atmel/Studio/7.0/Packs/atmel/AVR-Dx_DFP/1.9.103/gcc/dev/avr128da28/avrxmega4/crtavr128da28.o
LOAD atmel_start.o
LOAD driver_isr.o
LOAD main.o
LOAD src/adc.o
LOAD src/binio.o
LOAD src/bod.o
LOAD src/CircularStringBuff.o
LOAD src/clkctrl.o
LOAD src/cpuint.o
LOAD src/dac0.o
LOAD src/driver_init.o
LOAD src/eeprommanager.o
LOAD src/Goertzel.o
LOAD src/huzzah.o
LOAD src/i2c.o
LOAD src/leds.o
LOAD src/linkbus.o
LOAD src/morse.o
LOAD src/protected_io.o
LOAD src/rtc.o
LOAD src/serialbus.o
LOAD src/si5351.o
LOAD src/slpctrl.o
LOAD src/tcb.o
LOAD src/transmitter.o
LOAD src/usart_basic.o
LOAD src/util.o
START GROUP
LOAD c:/program files (x86)/atmel/studio/7.0/toolchain/avr8/avr8-gnu-toolchain/bin/../lib/gcc/avr/5.4.0/../../../../avr/lib/avrxmega4\libm.a
END GROUP
LOAD c:/program files (x86)/atmel/studio/7.0/toolchain/avr8/avr8-gnu-toolchain/bin/../lib/gcc/avr/5.4.0/avrxmega4\libgcc.a
LOAD c:/program files (x86)/atmel/studio/7.0/toolchain/avr8/avr8-gnu-toolchain/bin/../lib/gcc/avr/5.4.0/../../../../avr/lib/avrxmega4\libm.a
START GROUP
LOAD c:/program files (x86)/atmel/studio/7.0/toolchain/avr8/avr8-gnu-toolchain/bin/../lib/gcc/avr/5.4.0/avrxmega4\libgcc.a
LOAD c:/program files (x86)/atmel/studio/7.0/toolchain/avr8/avr8-gnu-toolchain/bin/../lib/gcc/avr/5.4.0/../../../../avr/lib/avrxmega4\libm.a
LOAD c:/program files (x86)/atmel/studio/7.0/toolchain/avr8/avr8-gnu-toolchain/bin/../lib/gcc/avr/5.4.0/../../../../avr/lib/avrxmega4\libc.a
LOAD C:/Program Files (x86)/Atmel/Studio/7.0/Packs/atmel/AVR-Dx_DFP/1.9.103/gcc/dev/avr128da28/avrxmega4\libavr128da28.a
END GROUP
                [0x00000000]                __TEXT_REGION_ORIGIN__ = DEFINED (__TEXT_REGION_ORIGIN__)?__TEXT_REGION_ORIGIN__:0x0
                [0x00804000]                __DATA_REGION_ORIGIN__ = DEFINED (__DATA_REGION_ORIGIN__)?__DATA_REGION_ORIGIN__:0x802000
                [0x00020000]                __TEXT_REGION_LENGTH__ = DEFINED (__TEXT_REGION_LENGTH__)?__TEXT_REGION_LENGTH__:0x100000
                [0x00004000]                __DATA_REGION_LENGTH__ = DEFINED (__DATA_REGION_LENGTH__)?__DATA_REGION_LENGTH__:0xffa0
                [0x00000200]                __EEPROM_REGION_LENGTH__ = DEFINED (__EEPROM_REGION_LENGTH__)?__EEPROM_REGION_LENGTH__:0x10000
                [0x00000010]                __FUSE_REGION_LENGTH__ = DEFINED (__FUSE_REGION_LENGTH__)?__FUSE_REGION_LENGTH__:0x400
                0x00000400                __LOCK_REGION_LENGTH__ = DEFINED (__LOCK_REGION_LENGTH__)?__LOCK_REGION_LENGTH__:0x400
                0x00000400                __SIGNATURE_REGION_LENGTH__ = DEFINED (__SIGNATURE_REGION_LENGTH__)?__SIGNATURE_REGION_LENGTH__:0x400
                0x00000400                __USER_SIGNATURE_REGION_LENGTH__ = DEFINED (__USER_SIGNATURE_REGION_LENGTH__)?__USER_SIGNATURE_REGION_LENGTH__:0x400

.hash
 *(.hash)

.dynsym
 *(.dynsym)

.dynstr
 *(.dynstr)

.gnu.version
 *(.gnu.version)

.gnu.version_d
 *(.gnu.version_d)

.gnu.version_r
 *(.gnu.version_r)

.rel.init
 *(.rel.init)

.rela.init
 *(.rela.init)

.rel.text
 *(.rel.text)
 *(.rel.text.*)
 *(.rel.gnu.linkonce.t*)

.rela.text
 *(.rela.text)
 *(.rela.text.*)
 *(.rela.gnu.linkonce.t*)

.rel.fini
 *(.rel.fini)

.rela.fini
 *(.rela.fini)

.rel.rodata
 *(.rel.rodata)
 *(.rel.rodata.*)
 *(.rel.gnu.linkonce.r*)

.rela.rodata
 *(.rela.rodata)
 *(.rela.rodata.*)
 *(.rela.gnu.linkonce.r*)

.rel.data
 *(.rel.data)
 *(.rel.data.*)
 *(.rel.gnu.linkonce.d*)

.rela.data
 *(.rela.data)
 *(.rela.data.*)
 *(.rela.gnu.linkonce.d*)

.rel.ctors
 *(.rel.ctors)

.rela.ctors
 *(.rela.ctors)

.rel.dtors
 *(.rel.dtors)

.rela.dtors
 *(.rela.dtors)

.rel.got
 *(.rel.got)

.rela.got
 *(.rela.got)

.rel.bss
 *(.rel.bss)

.rela.bss
 *(.rela.bss)

.rel.plt
 *(.rel.plt)

.rela.plt
 *(.rela.plt)

.text           0x00000000     0xf898
 *(.vectors)
 .vectors       0x00000000       0xa4 C:/Program Files (x86)/Atmel/Studio/7.0/Packs/atmel/AVR-Dx_DFP/1.9.103/gcc/dev/avr128da28/avrxmega4/crtavr128da28.o
                0x00000000                __vector_default
                0x00000000                __vectors
 *(.vectors)
 *(.progmem.gcc*)
 .progmem.gcc_sw_table._Z11setupForFoxP5Fox_t13EventAction_t
                0x000000a4       0x22 main.o
 .progmem.gcc_sw_table._ZN13EepromManager15updateEEPROMVarE8EE_var_tPv
                0x000000c6       0xa4 src/eeprommanager.o
 .progmem.gcc_sw_table._ZN4leds5blinkE7Blink_t
                0x0000016a       0x1c src/leds.o
 .progmem.gcc_sw_table._Z12getMorseCharc
                0x00000186       0xbe src/morse.o
 .progmem.gcc_sw_table._Z8fox2TextPc5Fox_t
                0x00000244       0x24 src/util.o
                0x00000268                . = ALIGN (0x2)
                0x00000268                __trampolines_start = .
 *(.trampolines)
 .trampolines   0x00000268        0x0 linker stubs
 *(.trampolines*)
                0x00000268                __trampolines_end = .
 *libprintf_flt.a:*(.progmem.data)
 *libc.a:*(.progmem.data)
 .progmem.data  0x00000268       0x3b c:/program files (x86)/atmel/studio/7.0/toolchain/avr8/avr8-gnu-toolchain/bin/../lib/gcc/avr/5.4.0/../../../../avr/lib/avrxmega4\libc.a(strtod.o)
 .progmem.data  0x000002a3       0xfa c:/program files (x86)/atmel/studio/7.0/toolchain/avr8/avr8-gnu-toolchain/bin/../lib/gcc/avr/5.4.0/../../../../avr/lib/avrxmega4\libc.a(ftoa_engine.o)
 *(.progmem*)
 .progmemx.data
                0x0000039d       0x91 c:/program files (x86)/atmel/studio/7.0/toolchain/avr8/avr8-gnu-toolchain/bin/../lib/gcc/avr/5.4.0/../../../../avr/lib/avrxmega4\libc.a(strftime.o)
                0x0000039d                strfmonths
                0x000003f4                strfwkdays
 .progmemx.data
                0x0000042e       0x3b c:/program files (x86)/atmel/studio/7.0/toolchain/avr8/avr8-gnu-toolchain/bin/../lib/gcc/avr/5.4.0/../../../../avr/lib/avrxmega4\libc.a(asctime_r.o)
                0x0000042e                ascdays
                0x00000444                ascmonths
                0x0000046a                . = ALIGN (0x2)
 *fill*         0x00000469        0x1 
 *(.jumptables)
 *(.jumptables*)
 *(.lowtext)
 *(.lowtext*)
                0x0000046a                __ctors_start = .
 *(.ctors)
 .ctors         0x0000046a        0x2 main.o
 .ctors         0x0000046c        0x2 src/adc.o
                0x0000046e                __ctors_end = .
                0x0000046e                __dtors_start = .
 *(.dtors)
 .dtors         0x0000046e        0x2 main.o
 .dtors         0x00000470        0x2 src/adc.o
                0x00000472                __dtors_end = .
 SORT(*)(.ctors)
 SORT(*)(.dtors)
 *(.init0)
 .init0         0x00000472        0x0 C:/Program Files (x86)/Atmel/Studio/7.0/Packs/atmel/AVR-Dx_DFP/1.9.103/gcc/dev/avr128da28/avrxmega4/crtavr128da28.o
                0x00000472                __init
 *(.init0)
 *(.init1)
 *(.init1)
 *(.init2)
 .init2         0x00000472        0xc C:/Program Files (x86)/Atmel/Studio/7.0/Packs/atmel/AVR-Dx_DFP/1.9.103/gcc/dev/avr128da28/avrxmega4/crtavr128da28.o
 *(.init2)
 *(.init3)
 *(.init3)
 *(.init4)
 .init4         0x0000047e       0x1a c:/program files (x86)/atmel/studio/7.0/toolchain/avr8/avr8-gnu-toolchain/bin/../lib/gcc/avr/5.4.0/avrxmega4\libgcc.a(_copy_data.o)
                0x0000047e                __do_copy_data
 .init4         0x00000498       0x10 c:/program files (x86)/atmel/studio/7.0/toolchain/avr8/avr8-gnu-toolchain/bin/../lib/gcc/avr/5.4.0/avrxmega4\libgcc.a(_clear_bss.o)
                0x00000498                __do_clear_bss
 *(.init4)
 *(.init5)
 *(.init5)
 *(.init6)
 .init6         0x000004a8       0x16 c:/program files (x86)/atmel/studio/7.0/toolchain/avr8/avr8-gnu-toolchain/bin/../lib/gcc/avr/5.4.0/avrxmega4\libgcc.a(_ctors.o)
                0x000004a8                __do_global_ctors
 *(.init6)
 *(.init7)
 *(.init7)
 *(.init8)
 *(.init8)
 *(.init9)
 .init9         0x000004be        0x8 C:/Program Files (x86)/Atmel/Studio/7.0/Packs/atmel/AVR-Dx_DFP/1.9.103/gcc/dev/avr128da28/avrxmega4/crtavr128da28.o
 *(.init9)
 *(.text)
 .text          0x000004c6        0x4 C:/Program Files (x86)/Atmel/Studio/7.0/Packs/atmel/AVR-Dx_DFP/1.9.103/gcc/dev/avr128da28/avrxmega4/crtavr128da28.o
                0x000004c6                __vector_38
                0x000004c6                __vector_28
                0x000004c6                __vector_1
                0x000004c6                __vector_34
                0x000004c6                __bad_interrupt
                0x000004c6                __vector_6
                0x000004c6                __vector_35
                0x000004c6                __vector_39
                0x000004c6                __vector_23
                0x000004c6                __vector_25
                0x000004c6                __vector_11
                0x000004c6                __vector_17
                0x000004c6                __vector_27
                0x000004c6                __vector_5
                0x000004c6                __vector_33
                0x000004c6                __vector_37
                0x000004c6                __vector_4
                0x000004c6                __vector_9
                0x000004c6                __vector_2
                0x000004c6                __vector_21
                0x000004c6                __vector_15
                0x000004c6                __vector_36
                0x000004c6                __vector_29
                0x000004c6                __vector_40
                0x000004c6                __vector_8
                0x000004c6                __vector_26
                0x000004c6                __vector_14
                0x000004c6                __vector_10
                0x000004c6                __vector_16
                0x000004c6                __vector_18
 .text          0x000004ca       0x28 c:/program files (x86)/atmel/studio/7.0/toolchain/avr8/avr8-gnu-toolchain/bin/../lib/gcc/avr/5.4.0/../../../../avr/lib/avrxmega4\libc.a(isLeap.o)
                0x000004ca                is_leap_year
 .text          0x000004f2        0xe c:/program files (x86)/atmel/studio/7.0/toolchain/avr8/avr8-gnu-toolchain/bin/../lib/gcc/avr/5.4.0/../../../../avr/lib/avrxmega4\libc.a(localtime.o)
                0x000004f2                localtime
 .text          0x00000500       0xa0 c:/program files (x86)/atmel/studio/7.0/toolchain/avr8/avr8-gnu-toolchain/bin/../lib/gcc/avr/5.4.0/../../../../avr/lib/avrxmega4\libc.a(localtime_r.o)
                0x00000500                localtime_r
 .text          0x000005a0       0x1a c:/program files (x86)/atmel/studio/7.0/toolchain/avr8/avr8-gnu-toolchain/bin/../lib/gcc/avr/5.4.0/../../../../avr/lib/avrxmega4\libc.a(month_length.o)
                0x000005a0                month_length
 .text          0x000005ba       0x18 c:/program files (x86)/atmel/studio/7.0/toolchain/avr8/avr8-gnu-toolchain/bin/../lib/gcc/avr/5.4.0/../../../../avr/lib/avrxmega4\libc.a(set_system_time.o)
                0x000005ba                set_system_time
 .text          0x000005d2      0x69c c:/program files (x86)/atmel/studio/7.0/toolchain/avr8/avr8-gnu-toolchain/bin/../lib/gcc/avr/5.4.0/../../../../avr/lib/avrxmega4\libc.a(strftime.o)
                0x000005d2                pgm_copystring
                0x00000644                strftime
 .text          0x00000c6e       0x26 c:/program files (x86)/atmel/studio/7.0/toolchain/avr8/avr8-gnu-toolchain/bin/../lib/gcc/avr/5.4.0/../../../../avr/lib/avrxmega4\libc.a(time.o)
                0x00000c6e                time
 .text          0x00000c94       0x3e c:/program files (x86)/atmel/studio/7.0/toolchain/avr8/avr8-gnu-toolchain/bin/../lib/gcc/avr/5.4.0/../../../../avr/lib/avrxmega4\libc.a(week_of_year.o)
                0x00000c94                week_of_year
 .text          0x00000cd2       0x38 c:/program files (x86)/atmel/studio/7.0/toolchain/avr8/avr8-gnu-toolchain/bin/../lib/gcc/avr/5.4.0/../../../../avr/lib/avrxmega4\libc.a(system_tick.o)
                0x00000cd2                system_tick
 .text          0x00000d0a      0x106 c:/program files (x86)/atmel/studio/7.0/toolchain/avr8/avr8-gnu-toolchain/bin/../lib/gcc/avr/5.4.0/../../../../avr/lib/avrxmega4\libc.a(asctime_r.o)
                0x00000d0a                asctime_r
 .text          0x00000e10      0x1ac c:/program files (x86)/atmel/studio/7.0/toolchain/avr8/avr8-gnu-toolchain/bin/../lib/gcc/avr/5.4.0/../../../../avr/lib/avrxmega4\libc.a(gmtime_r.o)
                0x00000e10                gmtime_r
 .text          0x00000fbc       0xf4 c:/program files (x86)/atmel/studio/7.0/toolchain/avr8/avr8-gnu-toolchain/bin/../lib/gcc/avr/5.4.0/../../../../avr/lib/avrxmega4\libc.a(iso_week_date_r.o)
                0x00000fbc                iso_week_date_r
 .text          0x000010b0       0x24 c:/program files (x86)/atmel/studio/7.0/toolchain/avr8/avr8-gnu-toolchain/bin/../lib/gcc/avr/5.4.0/../../../../avr/lib/avrxmega4\libc.a(print_lz.o)
                0x000010b0                __print_lz
                0x000010d4                . = ALIGN (0x2)
 *(.text.*)
 .text.atmel_start_init
                0x000010d4       0x14 atmel_start.o
                0x000010d4                atmel_start_init
 .text.__vector_19
                0x000010e8       0x88 driver_isr.o
                0x000010e8                __vector_19
 .text._Z9serial_Rxh
                0x00001170      0x500 driver_isr.o
                0x00001170                _Z9serial_Rxh
 .text.__vector_20
                0x00001670      0x18a driver_isr.o
                0x00001670                __vector_20
 .text.__vector_31
                0x000017fa       0x88 driver_isr.o
                0x000017fa                __vector_31
 .text._Z10linkbus_Rxh
                0x00001882      0x308 driver_isr.o
                0x00001882                _Z10linkbus_Rxh
 .text.__vector_32
                0x00001b8a      0x18a driver_isr.o
                0x00001b8a                __vector_32
 .text.PORTA_set_pin_level
                0x00001d14       0x74 main.o
 .text.PORTD_get_pin_level
                0x00001d88       0x3e main.o
 .text.__vector_3
                0x00001dc6       0x90 main.o
                0x00001dc6                __vector_3
 .text._Z17handle_1sec_tasksv
                0x00001e56      0x864 main.o
                0x00001e56                _Z17handle_1sec_tasksv
 .text.__vector_12
                0x000026ba      0x576 main.o
                0x000026ba                __vector_12
 .text.__vector_22
                0x00002c30      0x150 main.o
                0x00002c30                __vector_22
 .text._Z12powerDown3V3v
                0x00002d80       0x1e main.o
                0x00002d80                _Z12powerDown3V3v
 .text._Z10powerUp3V3v
                0x00002d9e       0x16 main.o
                0x00002d9e                _Z10powerUp3V3v
 .text.main     0x00002db4      0x542 main.o
                0x00002db4                main
 .text._Z19handleSerialBusMsgsv
                0x000032f6      0xdbe main.o
                0x000032f6                _Z19handleSerialBusMsgsv
 .text._Z17handleLinkBusMsgsv
                0x000040b4      0xf78 main.o
                0x000040b4                _Z17handleLinkBusMsgsv
 .text._Z19updateAntennaStatusv
                0x0000502c       0x9c main.o
                0x0000502c                _Z19updateAntennaStatusv
 .text._Z12eventEnabledv
                0x000050c8      0x15e main.o
                0x000050c8                _Z12eventEnabledv
 .text._Z8wdt_init7WDReset
                0x00005226       0x16 main.o
                0x00005226                _Z8wdt_init7WDReset
 .text._Z13throttleValueh
                0x0000523c       0xb4 main.o
                0x0000523c                _Z13throttleValueh
 .text._Z11launchEventP2SC
                0x000052f0       0x56 main.o
                0x000052f0                _Z11launchEventP2SC
 .text._Z33activateEventUsingCurrentSettingsP2SC
                0x00005346      0x466 main.o
                0x00005346                _Z33activateEventUsingCurrentSettingsP2SC
 .text._Z18antennaIsConnectedv
                0x000057ac       0x10 main.o
                0x000057ac                _Z18antennaIsConnectedv
 .text._Z12suspendEventv
                0x000057bc       0x60 main.o
                0x000057bc                _Z12suspendEventv
 .text._Z13startEventNow19EventActionSource_t
                0x0000581c       0xc4 main.o
                0x0000581c                _Z13startEventNow19EventActionSource_t
 .text._Z12stopEventNow19EventActionSource_t
                0x000058e0       0x5c main.o
                0x000058e0                _Z12stopEventNow19EventActionSource_t
 .text._Z18startEventUsingRTCv
                0x0000593c      0x112 main.o
                0x0000593c                _Z18startEventUsingRTCv
 .text._Z11setupForFoxP5Fox_t13EventAction_t
                0x00005a4e      0x584 main.o
                0x00005a4e                _Z11setupForFoxP5Fox_t13EventAction_t
 .text._Z18validateTimeStringPcPma
                0x00005fd2      0x26c main.o
                0x00005fd2                _Z18validateTimeStringPcPma
 .text._Z14reportTimeTillmmPKcS0_
                0x0000623e      0x344 main.o
                0x0000623e                _Z14reportTimeTillmmPKcS0_
 .text._Z23clockConfigurationCheckv
                0x00006582      0x134 main.o
                0x00006582                _Z23clockConfigurationCheckv
 .text._Z18reportConfigErrorsv
                0x000066b6      0x11c main.o
                0x000066b6                _Z18reportConfigErrorsv
 .text._Z7bcd2dech
                0x000067d2       0x40 main.o
                0x000067d2                _Z7bcd2dech
 .text._Z8char2bcdPc
                0x00006812       0x3c main.o
                0x00006812                _Z8char2bcdPc
 .text._Z14epoch_from_ltmP2tm
                0x0000684e      0x1b8 main.o
                0x0000684e                _Z14epoch_from_ltmP2tm
 .text._Z24convertEpochToTimeStringmPcj
                0x00006a06       0x76 main.o
                0x00006a06                _Z24convertEpochToTimeStringmPcj
 .text._Z16RTC_String2EpochPbPc
                0x00006a7c      0x196 main.o
                0x00006a7c                _Z16RTC_String2EpochPbPc
 .text._Z41__static_initialization_and_destruction_0ii
                0x00006c12       0x76 main.o
 .text._GLOBAL__sub_I_g_antenna_connect_state
                0x00006c88       0x1a main.o
 .text._GLOBAL__sub_D_g_antenna_connect_state
                0x00006ca2       0x1a main.o
 .text._Z18ADC0_setADCChannel20ADC_Active_Channel_t
                0x00006cbc       0xc4 src/adc.o
                0x00006cbc                _Z18ADC0_setADCChannel20ADC_Active_Channel_t
 .text._Z20ADC0_startConversionv
                0x00006d80       0x2a src/adc.o
                0x00006d80                _Z20ADC0_startConversionv
 .text._Z19ADC0_conversionDonev
                0x00006daa       0x28 src/adc.o
                0x00006daa                _Z19ADC0_conversionDonev
 .text._Z9ADC0_readv
                0x00006dd2       0x18 src/adc.o
                0x00006dd2                _Z9ADC0_readv
 .text._Z12temperatureCv
                0x00006dea      0x198 src/adc.o
                0x00006dea                _Z12temperatureCv
 .text._ZL9PORT_initv
                0x00006f82       0x46 src/adc.o
 .text._ZL10VREF0_initv
                0x00006fc8       0x1a src/adc.o
 .text._ZL9ADC0_initb
                0x00006fe2       0x64 src/adc.o
 .text._ZL16ADC0_SYSTEM_initb
                0x00007046       0x24 src/adc.o
 .text._ZL20ADC0_SYSTEM_shutdownv
                0x0000706a       0x24 src/adc.o
 .text.__vector_24
                0x0000708e       0x8a src/adc.o
                0x0000708e                __vector_24
 .text._Z41__static_initialization_and_destruction_0ii
                0x00007118       0x6e src/adc.o
 .text._GLOBAL__sub_I_g_adcVal
                0x00007186       0x1a src/adc.o
 .text._GLOBAL__sub_D_g_adcVal
                0x000071a0       0x1a src/adc.o
 .text.PORTA_set_pin_pull_mode
                0x000071ba       0x62 src/binio.o
 .text.PORTA_set_pin_dir
                0x0000721c       0xa8 src/binio.o
 .text.PORTA_set_pin_level
                0x000072c4       0x74 src/binio.o
 .text.PORTC_set_pin_dir
                0x00007338       0xa8 src/binio.o
 .text.PORTD_set_pin_pull_mode
                0x000073e0       0x62 src/binio.o
 .text.PORTD_pin_set_isc
                0x00007442       0x46 src/binio.o
 .text.PORTD_set_pin_dir
                0x00007488       0xa8 src/binio.o
 .text.PORTD_set_pin_level
                0x00007530       0x74 src/binio.o
 .text._Z10BINIO_initv
                0x000075a4       0xd8 src/binio.o
                0x000075a4                _Z10BINIO_initv
 .text.BOD_init
                0x0000767c       0x18 src/bod.o
                0x0000767c                BOD_init
 .text._ZN18CircularStringBuffC2Ej
                0x00007694       0x60 src/CircularStringBuff.o
                0x00007694                _ZN18CircularStringBuffC1Ej
                0x00007694                _ZN18CircularStringBuffC2Ej
 .text._ZN18CircularStringBuffD2Ev
                0x000076f4       0x28 src/CircularStringBuff.o
                0x000076f4                _ZN18CircularStringBuffD2Ev
                0x000076f4                _ZN18CircularStringBuffD1Ev
 .text._ZNK18CircularStringBuff5emptyEv
                0x0000771c       0x48 src/CircularStringBuff.o
                0x0000771c                _ZNK18CircularStringBuff5emptyEv
 .text._ZNK18CircularStringBuff4fullEv
                0x00007764       0x20 src/CircularStringBuff.o
                0x00007764                _ZNK18CircularStringBuff4fullEv
 .text._ZN18CircularStringBuff3putEc
                0x00007784       0xc8 src/CircularStringBuff.o
                0x00007784                _ZN18CircularStringBuff3putEc
 .text._ZN18CircularStringBuff3popEv
                0x0000784c       0x96 src/CircularStringBuff.o
                0x0000784c                _ZN18CircularStringBuff3popEv
 .text._ZN18CircularStringBuff3getEv
                0x000078e2       0x80 src/CircularStringBuff.o
                0x000078e2                _ZN18CircularStringBuff3getEv
 .text.ccp_write_io
                0x00007962       0x2c src/clkctrl.o
 .text.CLKCTRL_init
                0x0000798e       0x24 src/clkctrl.o
                0x0000798e                CLKCTRL_init
 .text.CPUINT_init
                0x000079b2       0x12 src/cpuint.o
                0x000079b2                CPUINT_init
 .text._ZL9VREF_initv
                0x000079c4       0x2c src/dac0.o
 .text._Z9DAC0_initv
                0x000079f0       0x54 src/dac0.o
                0x000079f0                _Z9DAC0_initv
 .text._Z11DAC0_setValj
                0x00007a44       0x40 src/dac0.o
                0x00007a44                _Z11DAC0_setValj
 .text.mcu_init
                0x00007a84       0xd2 src/driver_init.o
                0x00007a84                mcu_init
 .text.system_init
                0x00007b56       0x50 src/driver_init.o
                0x00007b56                system_init
 .text._ZN13EepromManagerC2Ev
                0x00007ba6       0x1a src/eeprommanager.o
                0x00007ba6                _ZN13EepromManagerC1Ev
                0x00007ba6                _ZN13EepromManagerC2Ev
 .text._ZN13EepromManagerD2Ev
                0x00007bc0       0x1a src/eeprommanager.o
                0x00007bc0                _ZN13EepromManagerD1Ev
                0x00007bc0                _ZN13EepromManagerD2Ev
 .text._Z21avr_eeprom_write_bytejh
                0x00007bda       0x5e src/eeprommanager.o
                0x00007bda                _Z21avr_eeprom_write_bytejh
 .text._Z21avr_eeprom_write_wordjj
                0x00007c38       0x66 src/eeprommanager.o
                0x00007c38                _Z21avr_eeprom_write_wordjj
 .text._Z22avr_eeprom_write_dwordjm
                0x00007c9e       0x74 src/eeprommanager.o
                0x00007c9e                _Z22avr_eeprom_write_dwordjm
 .text._ZN13EepromManager15updateEEPROMVarE8EE_var_tPv
                0x00007d12      0x2d0 src/eeprommanager.o
                0x00007d12                _ZN13EepromManager15updateEEPROMVarE8EE_var_tPv
 .text._ZN13EepromManager13saveAllEEPROMEv
                0x00007fe2      0x360 src/eeprommanager.o
                0x00007fe2                _ZN13EepromManager13saveAllEEPROMEv
 .text._ZN13EepromManager11readNonVolsEv
                0x00008342      0x498 src/eeprommanager.o
                0x00008342                _ZN13EepromManager11readNonVolsEv
 .text._ZN13EepromManager20initializeEEPROMVarsEv
                0x000087da      0x28e src/eeprommanager.o
                0x000087da                _ZN13EepromManager20initializeEEPROMVarsEv
 .text._ZN8GoertzelC2Eff
                0x00008a68      0x130 src/Goertzel.o
                0x00008a68                _ZN8GoertzelC1Eff
                0x00008a68                _ZN8GoertzelC2Eff
 .text._ZN8GoertzelD2Ev
                0x00008b98       0x26 src/Goertzel.o
                0x00008b98                _ZN8GoertzelD2Ev
                0x00008b98                _ZN8GoertzelD1Ev
 .text._ZN8Goertzel9DataPointEi
                0x00008bbe       0x92 src/Goertzel.o
                0x00008bbe                _ZN8Goertzel9DataPointEi
 .text.PORTA_set_pin_level
                0x00008c50       0x74 src/huzzah.o
 .text._Z10wifi_powerb
                0x00008cc4       0x2e src/huzzah.o
                0x00008cc4                _Z10wifi_powerb
 .text._Z10wifi_resetb
                0x00008cf2       0x2e src/huzzah.o
                0x00008cf2                _Z10wifi_resetb
 .text._Z11wifiPresentv
                0x00008d20       0x28 src/huzzah.o
                0x00008d20                _Z11wifiPresentv
 .text._Z11wifiEnabledv
                0x00008d48       0x48 src/huzzah.o
                0x00008d48                _Z11wifiEnabledv
 .text.PORTC_set_pin_pull_mode
                0x00008d90       0x62 src/i2c.o
 .text.I2C_0_Shutdown
                0x00008df2       0x22 src/i2c.o
                0x00008df2                I2C_0_Shutdown
 .text.I2C_0_Init
                0x00008e14       0x72 src/i2c.o
                0x00008e14                I2C_0_Init
 .text._ZL11i2c_0_WaitWv
                0x00008e86       0xbc src/i2c.o
 .text._ZL11i2c_0_WaitRv
                0x00008f42       0x82 src/i2c.o
 .text.I2C_0_SendData
                0x00008fc4       0xd0 src/i2c.o
                0x00008fc4                I2C_0_SendData
 .text.I2C_0_GetData
                0x00009094       0xfc src/i2c.o
                0x00009094                I2C_0_GetData
 .text.I2C_0_EndSession
                0x00009190       0x1a src/i2c.o
                0x00009190                I2C_0_EndSession
 .text.PORTD_set_pin_level
                0x000091aa       0x74 src/leds.o
 .text._ZL17LED_set_RED_levelb
                0x0000921e       0x1e src/leds.o
 .text._ZL19LED_set_GREEN_levelb
                0x0000923c       0x1e src/leds.o
 .text._ZN4ledsC2Ev
                0x0000925a       0x1a src/leds.o
                0x0000925a                _ZN4ledsC2Ev
                0x0000925a                _ZN4ledsC1Ev
 .text._ZN4ledsD2Ev
                0x00009274       0x1a src/leds.o
                0x00009274                _ZN4ledsD2Ev
                0x00009274                _ZN4ledsD1Ev
 .text.__vector_13
                0x0000928e      0x2ec src/leds.o
                0x0000928e                __vector_13
 .text._ZN4leds5resetEv
                0x0000957a       0x28 src/leds.o
                0x0000957a                _ZN4leds5resetEv
 .text._ZN4leds6activeEv
                0x000095a2       0x4a src/leds.o
                0x000095a2                _ZN4leds6activeEv
 .text._ZN4leds6setRedEb
                0x000095ec       0x5e src/leds.o
                0x000095ec                _ZN4leds6setRedEb
 .text._ZN4leds6resumeEv
                0x0000964a       0x56 src/leds.o
                0x0000964a                _ZN4leds6resumeEv
 .text._ZN4leds5blinkE7Blink_t
                0x000096a0      0x3ba src/leds.o
                0x000096a0                _ZN4leds5blinkE7Blink_t
 .text.PORTC_set_pin_pull_mode
                0x00009a5a       0x62 src/linkbus.o
 .text.PORTC_set_pin_dir
                0x00009abc       0xa8 src/linkbus.o
 .text.PORTC_set_pin_level
                0x00009b64       0x74 src/linkbus.o
 .text.PC0_set_dir
                0x00009bd8       0x1e src/linkbus.o
 .text.PC0_set_level
                0x00009bf6       0x1e src/linkbus.o
 .text.PC1_set_pull_mode
                0x00009c14       0x1e src/linkbus.o
 .text.PC1_set_dir
                0x00009c32       0x1e src/linkbus.o
 .text._Z18nextFullLBTxBufferv
                0x00009c50       0x8e src/linkbus.o
                0x00009c50                _Z18nextFullLBTxBufferv
 .text._Z19nextEmptyLBTxBufferv
                0x00009cde       0x8e src/linkbus.o
                0x00009cde                _Z19nextEmptyLBTxBufferv
 .text._Z19nextEmptyLBRxBufferv
                0x00009d6c       0x90 src/linkbus.o
                0x00009d6c                _Z19nextEmptyLBRxBufferv
 .text._Z18nextFullLBRxBufferv
                0x00009dfc       0x90 src/linkbus.o
                0x00009dfc                _Z18nextFullLBRxBufferv
 .text._Z19linkbusTxInProgressv
                0x00009e8c       0x12 src/linkbus.o
                0x00009e8c                _Z19linkbusTxInProgressv
 .text._ZL16linkbus_start_txv
                0x00009e9e       0x3c src/linkbus.o
 .text._Z14linkbus_end_txv
                0x00009eda       0x4a src/linkbus.o
                0x00009eda                _Z14linkbus_end_txv
 .text._ZL21USART1_initializationm
                0x00009f24       0x4c src/linkbus.o
 .text._ZL21USART0_initializationm
                0x00009f70       0x34 src/linkbus.o
 .text._Z12linkbus_initm14USART_Number_t
                0x00009fa4       0xa6 src/linkbus.o
                0x00009fa4                _Z12linkbus_initm14USART_Number_t
 .text._Z15linkbus_disablev
                0x0000a04a       0x6a src/linkbus.o
                0x0000a04a                _Z15linkbus_disablev
 .text._Z14linkbus_enablev
                0x0000a0b4       0x64 src/linkbus.o
                0x0000a0b4                _Z14linkbus_enablev
 .text._Z12lb_send_textPc
                0x0000a118       0xba src/linkbus.o
                0x0000a118                _Z12lb_send_textPc
 .text._Z11lb_send_msg13LBMessageTypePKcPc
                0x0000a1d2       0x9e src/linkbus.o
                0x0000a1d2                _Z11lb_send_msg13LBMessageTypePKcPc
 .text._Z16lb_broadcast_strPKcS0_
                0x0000a270       0x74 src/linkbus.o
                0x0000a270                _Z16lb_broadcast_strPKcS0_
 .text._Z9makeMorsePcPbS0_
                0x0000a2e4      0x2b0 src/morse.o
                0x0000a2e4                _Z9makeMorsePcPbS0_
 .text._Z26timeRequiredToSendStrAtWPMPcj
                0x0000a594       0xa0 src/morse.o
                0x0000a594                _Z26timeRequiredToSendStrAtWPMPcj
 .text._Z12getMorseCharc
                0x0000a634      0x37a src/morse.o
                0x0000a634                _Z12getMorseCharc
 .text.protected_write_io
                0x0000a9ae        0xa src/protected_io.o
                0x0000a9ae                protected_write_io
 .text.RTC_init
                0x0000a9b8       0x84 src/rtc.o
                0x0000a9b8                RTC_init
 .text.RTC_init_backup
                0x0000aa3c       0x82 src/rtc.o
                0x0000aa3c                RTC_init_backup
 .text.PORTA_set_pin_pull_mode
                0x0000aabe       0x62 src/serialbus.o
 .text.PORTA_set_pin_dir
                0x0000ab20       0xa8 src/serialbus.o
 .text.PORTA_set_pin_level
                0x0000abc8       0x74 src/serialbus.o
 .text.PORTC_set_pin_pull_mode
                0x0000ac3c       0x62 src/serialbus.o
 .text.PORTC_set_pin_dir
                0x0000ac9e       0xa8 src/serialbus.o
 .text.PORTC_set_pin_level
                0x0000ad46       0x74 src/serialbus.o
 .text.PA4_set_dir
                0x0000adba       0x1e src/serialbus.o
 .text.PA4_set_level
                0x0000add8       0x1e src/serialbus.o
 .text.PA5_set_pull_mode
                0x0000adf6       0x1e src/serialbus.o
 .text.PA5_set_dir
                0x0000ae14       0x1e src/serialbus.o
 .text.PC0_set_dir
                0x0000ae32       0x1e src/serialbus.o
 .text.PC0_set_level
                0x0000ae50       0x1e src/serialbus.o
 .text.PC1_set_pull_mode
                0x0000ae6e       0x1e src/serialbus.o
 .text.PC1_set_dir
                0x0000ae8c       0x1e src/serialbus.o
 .text.nextFullSBTxBuffer
                0x0000aeaa       0x96 src/serialbus.o
                0x0000aeaa                nextFullSBTxBuffer
 .text.nextEmptySBTxBuffer
                0x0000af40       0x96 src/serialbus.o
                0x0000af40                nextEmptySBTxBuffer
 .text.nextEmptySBRxBuffer
                0x0000afd6       0x98 src/serialbus.o
                0x0000afd6                nextEmptySBRxBuffer
 .text.nextFullSBRxBuffer
                0x0000b06e       0x98 src/serialbus.o
                0x0000b06e                nextFullSBRxBuffer
 .text.serialbusTxInProgress
                0x0000b106       0x12 src/serialbus.o
                0x0000b106                serialbusTxInProgress
 .text._Z18serialbus_start_txv
                0x0000b118       0x3c src/serialbus.o
                0x0000b118                _Z18serialbus_start_txv
 .text.serialbus_end_tx
                0x0000b154       0x4a src/serialbus.o
                0x0000b154                serialbus_end_tx
 .text._ZL21USART1_initializationm
                0x0000b19e       0x4c src/serialbus.o
 .text._ZL21USART0_initializationm
                0x0000b1ea       0x4c src/serialbus.o
 .text.serialbus_init
                0x0000b236       0xa6 src/serialbus.o
                0x0000b236                serialbus_init
 .text._Z19serialbus_send_textPc
                0x0000b2dc       0xba src/serialbus.o
                0x0000b2dc                _Z19serialbus_send_textPc
 .text.sb_send_NewPrompt
                0x0000b396       0x26 src/serialbus.o
                0x0000b396                sb_send_NewPrompt
 .text.sb_send_NewLine
                0x0000b3bc       0x22 src/serialbus.o
                0x0000b3bc                sb_send_NewLine
 .text.sb_echo_char
                0x0000b3de       0x32 src/serialbus.o
                0x0000b3de                sb_echo_char
 .text.sb_send_string
                0x0000b410      0x112 src/serialbus.o
                0x0000b410                sb_send_string
 .text.si5351_shutdown_comms
                0x0000b522       0x14 src/si5351.o
                0x0000b522                si5351_shutdown_comms
 .text.si5351_start_comms
                0x0000b536       0x14 src/si5351.o
                0x0000b536                si5351_start_comms
 .text.si5351_init
                0x0000b54a      0x19c src/si5351.o
                0x0000b54a                si5351_init
 .text.si5351_set_freq
                0x0000b6e6      0x342 src/si5351.o
                0x0000b6e6                si5351_set_freq
 .text.si5351_clock_enable
                0x0000ba28       0x96 src/si5351.o
                0x0000ba28                si5351_clock_enable
 .text.si5351_drive_strength
                0x0000babe       0xba src/si5351.o
                0x0000babe                si5351_drive_strength
 .text._Z7set_pllm10si5351_pll
                0x0000bb78      0x192 src/si5351.o
                0x0000bb78                _Z7set_pllm10si5351_pll
 .text._Z8pll_calcmP13u_si5351_regs
                0x0000bd0a      0x1cc src/si5351.o
                0x0000bd0a                _Z8pll_calcmP13u_si5351_regs
 .text._Z13reduce_by_gcdPmS_
                0x0000bed6      0x166 src/si5351.o
                0x0000bed6                _Z13reduce_by_gcdPmS_
 .text._Z15multisynth_calcmP13u_si5351_regsPbS1_
                0x0000c03c      0x214 src/si5351.o
                0x0000c03c                _Z15multisynth_calcmP13u_si5351_regsPbS1_
 .text._Z19multisynth_estimatemP13u_si5351_regsPbS1_
                0x0000c250      0x302 src/si5351.o
                0x0000c250                _Z19multisynth_estimatemP13u_si5351_regsPbS1_
 .text._Z17si5351_write_bulkhPhh
                0x0000c552       0x64 src/si5351.o
                0x0000c552                _Z17si5351_write_bulkhPhh
 .text._Z16si5351_read_bulkhPhh
                0x0000c5b6       0x64 src/si5351.o
                0x0000c5b6                _Z16si5351_read_bulkhPhh
 .text._Z31set_multisynth_registers_source12si5351_clock10si5351_pll
                0x0000c61a       0x7a src/si5351.o
                0x0000c61a                _Z31set_multisynth_registers_source12si5351_clock10si5351_pll
 .text._Z24set_multisynth_registers12si5351_clock13u_si5351_regsbhb
                0x0000c694      0x22c src/si5351.o
                0x0000c694                _Z24set_multisynth_registers12si5351_clock13u_si5351_regsbhb
 .text._Z16set_integer_mode12si5351_clockb
                0x0000c8c0       0x6a src/si5351.o
                0x0000c8c0                _Z16set_integer_mode12si5351_clockb
 .text._Z6ms_div12si5351_clockhb
                0x0000c92a       0xac src/si5351.o
                0x0000c92a                _Z6ms_div12si5351_clockhb
 .text.SLPCTRL_init
                0x0000c9d6       0x18 src/slpctrl.o
                0x0000c9d6                SLPCTRL_init
 .text.SLPCTRL_set_sleep_mode
                0x0000c9ee       0x30 src/slpctrl.o
                0x0000c9ee                SLPCTRL_set_sleep_mode
 .text.TIMERB_init
                0x0000ca1e       0xa8 src/tcb.o
                0x0000ca1e                TIMERB_init
 .text.util_delay_ms
                0x0000cac6      0x202 src/tcb.o
                0x0000cac6                util_delay_ms
 .text.__vector_7
                0x0000ccc8       0xb2 src/tcb.o
                0x0000ccc8                __vector_7
 .text.__vector_30
                0x0000cd7a       0x92 src/tcb.o
                0x0000cd7a                __vector_30
 .text.PORTA_set_pin_level
                0x0000ce0c       0x74 src/transmitter.o
 .text._Z14txSetFrequencyPmb
                0x0000ce80       0xa4 src/transmitter.o
                0x0000ce80                _Z14txSetFrequencyPmb
 .text._Z14txGetFrequencyv
                0x0000cf24       0x22 src/transmitter.o
                0x0000cf24                _Z14txGetFrequencyv
 .text._Z18powerToTransmitterb
                0x0000cf46       0x32 src/transmitter.o
                0x0000cf46                _Z18powerToTransmitterb
 .text._Z9txKeyDownb
                0x0000cf78       0x58 src/transmitter.o
                0x0000cf78                _Z9txKeyDownb
 .text._Z10fet_driverb
                0x0000cfd0       0x16 src/transmitter.o
                0x0000cfd0                _Z10fet_driverb
 .text._Z19final_drain_voltageb
                0x0000cfe6       0x40 src/transmitter.o
                0x0000cfe6                _Z19final_drain_voltageb
 .text._Z15inhibitRFOutputb
                0x0000d026       0x56 src/transmitter.o
                0x0000d026                _Z15inhibitRFOutputb
 .text._Z14keyTransmitterb
                0x0000d07c       0xc4 src/transmitter.o
                0x0000d07c                _Z14keyTransmitterb
 .text._Z12txGetPowerMwv
                0x0000d140       0x16 src/transmitter.o
                0x0000d140                _Z12txGetPowerMwv
 .text._Z15txIsInitializedv
                0x0000d156       0x12 src/transmitter.o
                0x0000d156                _Z15txIsInitializedv
 .text._Z15txSetParametersPjPb
                0x0000d168      0x11c src/transmitter.o
                0x0000d168                _Z15txSetParametersPjPb
 .text._Z20shutdown_transmitterv
                0x0000d284       0x14 src/transmitter.o
                0x0000d284                _Z20shutdown_transmitterv
 .text._Z19restart_transmitterv
                0x0000d298       0x14 src/transmitter.o
                0x0000d298                _Z19restart_transmitterv
 .text._Z16init_transmitterv
                0x0000d2ac       0xbc src/transmitter.o
                0x0000d2ac                _Z16init_transmitterv
 .text._Z22txMilliwattsToSettingsPjS_
                0x0000d368      0x31c src/transmitter.o
                0x0000d368                _Z22txMilliwattsToSettingsPjS_
 .text.USART1_init
                0x0000d684       0xc4 src/usart_basic.o
                0x0000d684                USART1_init
 .text.USART1_enable
                0x0000d748       0x22 src/usart_basic.o
                0x0000d748                USART1_enable
 .text.USART1_enable_tx
                0x0000d76a       0x34 src/usart_basic.o
                0x0000d76a                USART1_enable_tx
 .text.USART1_disable
                0x0000d79e       0x22 src/usart_basic.o
                0x0000d79e                USART1_disable
 .text.USART1_get_data
                0x0000d7c0       0x16 src/usart_basic.o
                0x0000d7c0                USART1_get_data
 .text.USART0_init
                0x0000d7d6       0xb6 src/usart_basic.o
                0x0000d7d6                USART0_init
 .text.USART0_enable
                0x0000d88c       0x22 src/usart_basic.o
                0x0000d88c                USART0_enable
 .text.USART0_enable_tx
                0x0000d8ae       0x34 src/usart_basic.o
                0x0000d8ae                USART0_enable_tx
 .text.USART0_disable
                0x0000d8e2       0x22 src/usart_basic.o
                0x0000d8e2                USART0_disable
 .text.USART0_get_data
                0x0000d904       0x16 src/usart_basic.o
                0x0000d904                USART0_get_data
 .text._Z7timeDifmm
                0x0000d91a       0xb2 src/util.o
                0x0000d91a                _Z7timeDifmm
 .text._Z11only_digitsPc
                0x0000d9cc       0x4e src/util.o
                0x0000d9cc                _Z11only_digitsPc
 .text._Z15frequencyStringPcm
                0x0000da1a       0xf8 src/util.o
                0x0000da1a                _Z15frequencyStringPcm
 .text._Z12frequencyValPcPm
                0x0000db12      0x38a src/util.o
                0x0000db12                _Z12frequencyValPcPm
 .text._Z8fox2TextPc5Fox_t
                0x0000de9c      0x1e0 src/util.o
                0x0000de9c                _Z8fox2TextPc5Fox_t
 .text.avr-libc.fplib
                0x0000e07c        0xe c:/program files (x86)/atmel/studio/7.0/toolchain/avr8/avr8-gnu-toolchain/bin/../lib/gcc/avr/5.4.0/../../../../avr/lib/avrxmega4\libm.a(addsf3.o)
                0x0000e07c                __subsf3
                0x0000e07e                __addsf3
 .text.avr-libc.fplib
                0x0000e08a       0xcc c:/program files (x86)/atmel/studio/7.0/toolchain/avr8/avr8-gnu-toolchain/bin/../lib/gcc/avr/5.4.0/../../../../avr/lib/avrxmega4\libm.a(addsf3x.o)
                0x0000e0ac                __addsf3x
 .text.avr-libc.fplib
                0x0000e156       0x2e c:/program files (x86)/atmel/studio/7.0/toolchain/avr8/avr8-gnu-toolchain/bin/../lib/gcc/avr/5.4.0/../../../../avr/lib/avrxmega4\libm.a(ceil.o)
                0x0000e156                ceil
 .text.avr-libc.fplib
                0x0000e184        0xa c:/program files (x86)/atmel/studio/7.0/toolchain/avr8/avr8-gnu-toolchain/bin/../lib/gcc/avr/5.4.0/../../../../avr/lib/avrxmega4\libm.a(cmpsf2.o)
                0x0000e184                __nesf2
                0x0000e184                __eqsf2
                0x0000e184                __cmpsf2
                0x0000e184                __ltsf2
                0x0000e184                __lesf2
 .text.avr-libc.fplib
                0x0000e18e        0x8 c:/program files (x86)/atmel/studio/7.0/toolchain/avr8/avr8-gnu-toolchain/bin/../lib/gcc/avr/5.4.0/../../../../avr/lib/avrxmega4\libm.a(divsf3.o)
                0x0000e18e                __divsf3
 .text.avr-libc.fplib
                0x0000e196       0xdc c:/program files (x86)/atmel/studio/7.0/toolchain/avr8/avr8-gnu-toolchain/bin/../lib/gcc/avr/5.4.0/../../../../avr/lib/avrxmega4\libm.a(divsf3x.o)
                0x0000e1b6                __divsf3x
                0x0000e1bc                __divsf3_pse
 .text.avr-libc.fplib
                0x0000e272        0xe c:/program files (x86)/atmel/studio/7.0/toolchain/avr8/avr8-gnu-toolchain/bin/../lib/gcc/avr/5.4.0/../../../../avr/lib/avrxmega4\libm.a(fixsfsi.o)
                0x0000e272                __fixsfsi
 .text.avr-libc.fplib
                0x0000e280       0x5e c:/program files (x86)/atmel/studio/7.0/toolchain/avr8/avr8-gnu-toolchain/bin/../lib/gcc/avr/5.4.0/../../../../avr/lib/avrxmega4\libm.a(fixunssfsi.o)
                0x0000e280                __fixunssfsi
 .text.avr-libc.fplib
                0x0000e2de       0x7a c:/program files (x86)/atmel/studio/7.0/toolchain/avr8/avr8-gnu-toolchain/bin/../lib/gcc/avr/5.4.0/../../../../avr/lib/avrxmega4\libm.a(floatsisf.o)
                0x0000e2de                __floatunsisf
                0x0000e2e2                __floatsisf
 .text.avr-libc.fplib
                0x0000e358       0x48 c:/program files (x86)/atmel/studio/7.0/toolchain/avr8/avr8-gnu-toolchain/bin/../lib/gcc/avr/5.4.0/../../../../avr/lib/avrxmega4\libm.a(fp_cmp.o)
                0x0000e358                __fp_cmp
 .text.avr-libc.fplib
                0x0000e3a0        0xc c:/program files (x86)/atmel/studio/7.0/toolchain/avr8/avr8-gnu-toolchain/bin/../lib/gcc/avr/5.4.0/../../../../avr/lib/avrxmega4\libm.a(fp_inf.o)
                0x0000e3a0                __fp_inf
 .text.avr-libc.fplib
                0x0000e3ac       0x36 c:/program files (x86)/atmel/studio/7.0/toolchain/avr8/avr8-gnu-toolchain/bin/../lib/gcc/avr/5.4.0/../../../../avr/lib/avrxmega4\libm.a(fp_mintl.o)
                0x0000e3ac                __fp_mintl
 .text.avr-libc.fplib
                0x0000e3e2       0x1c c:/program files (x86)/atmel/studio/7.0/toolchain/avr8/avr8-gnu-toolchain/bin/../lib/gcc/avr/5.4.0/../../../../avr/lib/avrxmega4\libm.a(fp_mpack.o)
                0x0000e3e2                __fp_mpack
                0x0000e3e6                __fp_mpack_finite
 .text.avr-libc.fplib
                0x0000e3fe        0x6 c:/program files (x86)/atmel/studio/7.0/toolchain/avr8/avr8-gnu-toolchain/bin/../lib/gcc/avr/5.4.0/../../../../avr/lib/avrxmega4\libm.a(fp_nan.o)
                0x0000e3fe                __fp_nan
 .text.avr-libc.fplib
                0x0000e404        0xe c:/program files (x86)/atmel/studio/7.0/toolchain/avr8/avr8-gnu-toolchain/bin/../lib/gcc/avr/5.4.0/../../../../avr/lib/avrxmega4\libm.a(fp_pscA.o)
                0x0000e404                __fp_pscA
 .text.avr-libc.fplib
                0x0000e412        0xe c:/program files (x86)/atmel/studio/7.0/toolchain/avr8/avr8-gnu-toolchain/bin/../lib/gcc/avr/5.4.0/../../../../avr/lib/avrxmega4\libm.a(fp_pscB.o)
                0x0000e412                __fp_pscB
 .text.avr-libc.fplib
                0x0000e420       0x22 c:/program files (x86)/atmel/studio/7.0/toolchain/avr8/avr8-gnu-toolchain/bin/../lib/gcc/avr/5.4.0/../../../../avr/lib/avrxmega4\libm.a(fp_round.o)
                0x0000e420                __fp_round
 .text.avr-libc.fplib
                0x0000e442       0x44 c:/program files (x86)/atmel/studio/7.0/toolchain/avr8/avr8-gnu-toolchain/bin/../lib/gcc/avr/5.4.0/../../../../avr/lib/avrxmega4\libm.a(fp_split3.o)
                0x0000e442                __fp_split3
                0x0000e452                __fp_splitA
 .text.avr-libc.fplib
                0x0000e486       0x30 c:/program files (x86)/atmel/studio/7.0/toolchain/avr8/avr8-gnu-toolchain/bin/../lib/gcc/avr/5.4.0/../../../../avr/lib/avrxmega4\libm.a(fp_trunc.o)
                0x0000e486                __fp_trunc
 .text.avr-libc.fplib
                0x0000e4b6        0xe c:/program files (x86)/atmel/studio/7.0/toolchain/avr8/avr8-gnu-toolchain/bin/../lib/gcc/avr/5.4.0/../../../../avr/lib/avrxmega4\libm.a(fp_zero.o)
                0x0000e4b6                __fp_zero
                0x0000e4b8                __fp_szero
 .text.avr-libc.fplib
                0x0000e4c4        0xa c:/program files (x86)/atmel/studio/7.0/toolchain/avr8/avr8-gnu-toolchain/bin/../lib/gcc/avr/5.4.0/../../../../avr/lib/avrxmega4\libm.a(gesf2.o)
                0x0000e4c4                __gesf2
                0x0000e4c4                __gtsf2
 .text.avr-libc.fplib
                0x0000e4ce        0x8 c:/program files (x86)/atmel/studio/7.0/toolchain/avr8/avr8-gnu-toolchain/bin/../lib/gcc/avr/5.4.0/../../../../avr/lib/avrxmega4\libm.a(mulsf3.o)
                0x0000e4ce                __mulsf3
 .text.avr-libc.fplib
                0x0000e4d6       0xd2 c:/program files (x86)/atmel/studio/7.0/toolchain/avr8/avr8-gnu-toolchain/bin/../lib/gcc/avr/5.4.0/../../../../avr/lib/avrxmega4\libm.a(mulsf3x.o)
                0x0000e4f4                __mulsf3x
                0x0000e4fa                __mulsf3_pse
 .text.libgcc.mul
                0x0000e5a8       0x20 c:/program files (x86)/atmel/studio/7.0/toolchain/avr8/avr8-gnu-toolchain/bin/../lib/gcc/avr/5.4.0/avrxmega4\libgcc.a(_mulsi3.o)
                0x0000e5a8                __mulsi3
 .text.libgcc.div
                0x0000e5c8       0x28 c:/program files (x86)/atmel/studio/7.0/toolchain/avr8/avr8-gnu-toolchain/bin/../lib/gcc/avr/5.4.0/avrxmega4\libgcc.a(_udivmodhi4.o)
                0x0000e5c8                __udivmodhi4
 .text.libgcc.div
                0x0000e5f0       0x28 c:/program files (x86)/atmel/studio/7.0/toolchain/avr8/avr8-gnu-toolchain/bin/../lib/gcc/avr/5.4.0/avrxmega4\libgcc.a(_divmodhi4.o)
                0x0000e5f0                _div
                0x0000e5f0                __divmodhi4
 .text.libgcc.div
                0x0000e618       0x44 c:/program files (x86)/atmel/studio/7.0/toolchain/avr8/avr8-gnu-toolchain/bin/../lib/gcc/avr/5.4.0/avrxmega4\libgcc.a(_udivmodsi4.o)
                0x0000e618                __udivmodsi4
 .text.libgcc.div
                0x0000e65c       0x2e c:/program files (x86)/atmel/studio/7.0/toolchain/avr8/avr8-gnu-toolchain/bin/../lib/gcc/avr/5.4.0/avrxmega4\libgcc.a(_divmodsi4.o)
                0x0000e65c                __divmodsi4
 .text.libgcc.div
                0x0000e68a       0x10 c:/program files (x86)/atmel/studio/7.0/toolchain/avr8/avr8-gnu-toolchain/bin/../lib/gcc/avr/5.4.0/avrxmega4\libgcc.a(_negsi2.o)
                0x0000e68a                __negsi2
 .text.libgcc   0x0000e69a       0x12 c:/program files (x86)/atmel/studio/7.0/toolchain/avr8/avr8-gnu-toolchain/bin/../lib/gcc/avr/5.4.0/avrxmega4\libgcc.a(_tablejump2.o)
                0x0000e69a                __tablejump2__
 .text.libgcc.mul
                0x0000e6ac       0x1e c:/program files (x86)/atmel/studio/7.0/toolchain/avr8/avr8-gnu-toolchain/bin/../lib/gcc/avr/5.4.0/avrxmega4\libgcc.a(_umulhisi3.o)
                0x0000e6ac                __umulhisi3
 .text.libgcc.mul
                0x0000e6ca       0x16 c:/program files (x86)/atmel/studio/7.0/toolchain/avr8/avr8-gnu-toolchain/bin/../lib/gcc/avr/5.4.0/avrxmega4\libgcc.a(_muluhisi3.o)
                0x0000e6ca                __muluhisi3
 .text.avr-libc
                0x0000e6e0       0x40 c:/program files (x86)/atmel/studio/7.0/toolchain/avr8/avr8-gnu-toolchain/bin/../lib/gcc/avr/5.4.0/../../../../avr/lib/avrxmega4\libc.a(dtostrf.o)
                0x0000e6e0                dtostrf
 .text.avr-libc
                0x0000e720      0x242 c:/program files (x86)/atmel/studio/7.0/toolchain/avr8/avr8-gnu-toolchain/bin/../lib/gcc/avr/5.4.0/../../../../avr/lib/avrxmega4\libc.a(malloc.o)
                0x0000e720                malloc
                0x0000e850                free
 .text.avr-libc
                0x0000e962        0x8 c:/program files (x86)/atmel/studio/7.0/toolchain/avr8/avr8-gnu-toolchain/bin/../lib/gcc/avr/5.4.0/../../../../avr/lib/avrxmega4\libc.a(atof.o)
                0x0000e962                atof
 .text.avr-libc
                0x0000e96a       0x3c c:/program files (x86)/atmel/studio/7.0/toolchain/avr8/avr8-gnu-toolchain/bin/../lib/gcc/avr/5.4.0/../../../../avr/lib/avrxmega4\libc.a(atoi.o)
                0x0000e96a                atoi
 .text.avr-libc
                0x0000e9a6       0x4e c:/program files (x86)/atmel/studio/7.0/toolchain/avr8/avr8-gnu-toolchain/bin/../lib/gcc/avr/5.4.0/../../../../avr/lib/avrxmega4\libc.a(atol.o)
                0x0000e9a6                atol
 .text.avr-libc
                0x0000e9f4       0x10 c:/program files (x86)/atmel/studio/7.0/toolchain/avr8/avr8-gnu-toolchain/bin/../lib/gcc/avr/5.4.0/../../../../avr/lib/avrxmega4\libc.a(toupper.o)
                0x0000e9f4                toupper
 .text.avr-libc
                0x0000ea04        0xe c:/program files (x86)/atmel/studio/7.0/toolchain/avr8/avr8-gnu-toolchain/bin/../lib/gcc/avr/5.4.0/../../../../avr/lib/avrxmega4\libc.a(memset.o)
                0x0000ea04                memset
 .text.avr-libc
                0x0000ea12       0x16 c:/program files (x86)/atmel/studio/7.0/toolchain/avr8/avr8-gnu-toolchain/bin/../lib/gcc/avr/5.4.0/../../../../avr/lib/avrxmega4\libc.a(strcat.o)
                0x0000ea12                strcat
 .text.avr-libc
                0x0000ea28       0x16 c:/program files (x86)/atmel/studio/7.0/toolchain/avr8/avr8-gnu-toolchain/bin/../lib/gcc/avr/5.4.0/../../../../avr/lib/avrxmega4\libc.a(strchr.o)
                0x0000ea28                strchr
 .text.avr-libc
                0x0000ea3e       0x12 c:/program files (x86)/atmel/studio/7.0/toolchain/avr8/avr8-gnu-toolchain/bin/../lib/gcc/avr/5.4.0/../../../../avr/lib/avrxmega4\libc.a(strcmp.o)
                0x0000ea3e                strcmp
 .text.avr-libc
                0x0000ea50        0xe c:/program files (x86)/atmel/studio/7.0/toolchain/avr8/avr8-gnu-toolchain/bin/../lib/gcc/avr/5.4.0/../../../../avr/lib/avrxmega4\libc.a(strcpy.o)
                0x0000ea50                strcpy
 .text.avr-libc
                0x0000ea5e       0x12 c:/program files (x86)/atmel/studio/7.0/toolchain/avr8/avr8-gnu-toolchain/bin/../lib/gcc/avr/5.4.0/../../../../avr/lib/avrxmega4\libc.a(strlen.o)
                0x0000ea5e                strlen
 .text.avr-libc
                0x0000ea70       0x1e c:/program files (x86)/atmel/studio/7.0/toolchain/avr8/avr8-gnu-toolchain/bin/../lib/gcc/avr/5.4.0/../../../../avr/lib/avrxmega4\libc.a(strncpy.o)
                0x0000ea70                strncpy
 .text.avr-libc
                0x0000ea8e       0x2a c:/program files (x86)/atmel/studio/7.0/toolchain/avr8/avr8-gnu-toolchain/bin/../lib/gcc/avr/5.4.0/../../../../avr/lib/avrxmega4\libc.a(mulsi10.o)
                0x0000ea8e                __mulsi_const_10
 .text.avr-libc
                0x0000eab8       0x10 c:/program files (x86)/atmel/studio/7.0/toolchain/avr8/avr8-gnu-toolchain/bin/../lib/gcc/avr/5.4.0/../../../../avr/lib/avrxmega4\libc.a(mul10.o)
                0x0000eab8                __mulhi_const_10
 .text.avr-libc
                0x0000eac8       0x52 c:/program files (x86)/atmel/studio/7.0/toolchain/avr8/avr8-gnu-toolchain/bin/../lib/gcc/avr/5.4.0/../../../../avr/lib/avrxmega4\libc.a(sprintf.o)
                0x0000eac8                sprintf
 .text.avr-libc
                0x0000eb1a      0x408 c:/program files (x86)/atmel/studio/7.0/toolchain/avr8/avr8-gnu-toolchain/bin/../lib/gcc/avr/5.4.0/../../../../avr/lib/avrxmega4\libc.a(vfprintf_std.o)
                0x0000eb1a                vfprintf
 .text.avr-libc
                0x0000ef22      0x2e2 c:/program files (x86)/atmel/studio/7.0/toolchain/avr8/avr8-gnu-toolchain/bin/../lib/gcc/avr/5.4.0/../../../../avr/lib/avrxmega4\libc.a(dtoa_prf.o)
                0x0000ef22                dtoa_prf
 .text.avr-libc
                0x0000f204      0x2b8 c:/program files (x86)/atmel/studio/7.0/toolchain/avr8/avr8-gnu-toolchain/bin/../lib/gcc/avr/5.4.0/../../../../avr/lib/avrxmega4\libc.a(strtod.o)
                0x0000f204                strtod
 .text.avr-libc
                0x0000f4bc      0x1b0 c:/program files (x86)/atmel/studio/7.0/toolchain/avr8/avr8-gnu-toolchain/bin/../lib/gcc/avr/5.4.0/../../../../avr/lib/avrxmega4\libc.a(ftoa_engine.o)
                0x0000f4bc                __ftoa_engine
 .text.avr-libc
                0x0000f66c       0x12 c:/program files (x86)/atmel/studio/7.0/toolchain/avr8/avr8-gnu-toolchain/bin/../lib/gcc/avr/5.4.0/../../../../avr/lib/avrxmega4\libc.a(isspace.o)
                0x0000f66c                isspace
 .text.avr-libc
                0x0000f67e       0x30 c:/program files (x86)/atmel/studio/7.0/toolchain/avr8/avr8-gnu-toolchain/bin/../lib/gcc/avr/5.4.0/../../../../avr/lib/avrxmega4\libc.a(strncasecmp_P.o)
                0x0000f67e                strncasecmp_P
 .text.avr-libc
                0x0000f6ae       0x16 c:/program files (x86)/atmel/studio/7.0/toolchain/avr8/avr8-gnu-toolchain/bin/../lib/gcc/avr/5.4.0/../../../../avr/lib/avrxmega4\libc.a(strnlen_P.o)
                0x0000f6ae                strnlen_P
 .text.avr-libc
                0x0000f6c4       0x16 c:/program files (x86)/atmel/studio/7.0/toolchain/avr8/avr8-gnu-toolchain/bin/../lib/gcc/avr/5.4.0/../../../../avr/lib/avrxmega4\libc.a(strnlen.o)
                0x0000f6c4                strnlen
 .text.avr-libc
                0x0000f6da       0x78 c:/program files (x86)/atmel/studio/7.0/toolchain/avr8/avr8-gnu-toolchain/bin/../lib/gcc/avr/5.4.0/../../../../avr/lib/avrxmega4\libc.a(fputc.o)
                0x0000f6da                fputc
 .text.avr-libc
                0x0000f752       0xbc c:/program files (x86)/atmel/studio/7.0/toolchain/avr8/avr8-gnu-toolchain/bin/../lib/gcc/avr/5.4.0/../../../../avr/lib/avrxmega4\libc.a(ultoa_invert.o)
                0x0000f752                __ultoa_invert
 .text.avr-libc
                0x0000f80e        0x6 c:/program files (x86)/atmel/studio/7.0/toolchain/avr8/avr8-gnu-toolchain/bin/../lib/gcc/avr/5.4.0/../../../../avr/lib/avrxmega4\libc.a(cty_isfalse.o)
                0x0000f80e                __ctype_isfalse
                0x0000f812                __ctype_istrue
 .text.avr-libc
                0x0000f814       0x10 C:/Program Files (x86)/Atmel/Studio/7.0/Packs/atmel/AVR-Dx_DFP/1.9.103/gcc/dev/avr128da28/avrxmega4\libavr128da28.a(eerd_byte.o)
                0x0000f814                eeprom_read_byte
                0x0000f81c                eeprom_mapen
 .text.avr-libc
                0x0000f824        0xe C:/Program Files (x86)/Atmel/Studio/7.0/Packs/atmel/AVR-Dx_DFP/1.9.103/gcc/dev/avr128da28/avrxmega4\libavr128da28.a(eerd_dword.o)
                0x0000f824                eeprom_read_float
                0x0000f824                eeprom_read_dword
 .text.avr-libc
                0x0000f832        0xa C:/Program Files (x86)/Atmel/Studio/7.0/Packs/atmel/AVR-Dx_DFP/1.9.103/gcc/dev/avr128da28/avrxmega4\libavr128da28.a(eerd_word.o)
                0x0000f832                eeprom_read_word
 .text.libgcc.div
                0x0000f83c       0x1c c:/program files (x86)/atmel/studio/7.0/toolchain/avr8/avr8-gnu-toolchain/bin/../lib/gcc/avr/5.4.0/avrxmega4\libgcc.a(_divmodqi4.o)
                0x0000f83c                __divmodqi4
 .text.libgcc   0x0000f858        0xe c:/program files (x86)/atmel/studio/7.0/toolchain/avr8/avr8-gnu-toolchain/bin/../lib/gcc/avr/5.4.0/avrxmega4\libgcc.a(_xload_1.o)
                0x0000f858                __xload_1
 .text.libgcc.div
                0x0000f866       0x18 c:/program files (x86)/atmel/studio/7.0/toolchain/avr8/avr8-gnu-toolchain/bin/../lib/gcc/avr/5.4.0/avrxmega4\libgcc.a(_udivmodqi4.o)
                0x0000f866                __udivmodqi4
                0x0000f87e                . = ALIGN (0x2)
 *(.fini9)
 .fini9         0x0000f87e        0x0 c:/program files (x86)/atmel/studio/7.0/toolchain/avr8/avr8-gnu-toolchain/bin/../lib/gcc/avr/5.4.0/avrxmega4\libgcc.a(_exit.o)
                0x0000f87e                _exit
                0x0000f87e                exit
 *(.fini9)
 *(.fini8)
 *(.fini8)
 *(.fini7)
 *(.fini7)
 *(.fini6)
 .fini6         0x0000f87e       0x16 c:/program files (x86)/atmel/studio/7.0/toolchain/avr8/avr8-gnu-toolchain/bin/../lib/gcc/avr/5.4.0/avrxmega4\libgcc.a(_dtors.o)
                0x0000f87e                __do_global_dtors
 *(.fini6)
 *(.fini5)
 *(.fini5)
 *(.fini4)
 *(.fini4)
 *(.fini3)
 *(.fini3)
 *(.fini2)
 *(.fini2)
 *(.fini1)
 *(.fini1)
 *(.fini0)
 .fini0         0x0000f894        0x4 c:/program files (x86)/atmel/studio/7.0/toolchain/avr8/avr8-gnu-toolchain/bin/../lib/gcc/avr/5.4.0/avrxmega4\libgcc.a(_exit.o)
 *(.fini0)
                0x0000f898                _etext = .

.data           0x00804000      0x652 load address 0x0000f898
                0x00804000                PROVIDE (__data_start, .)
 *(.data)
 .data          0x00804000        0x6 c:/program files (x86)/atmel/studio/7.0/toolchain/avr8/avr8-gnu-toolchain/bin/../lib/gcc/avr/5.4.0/../../../../avr/lib/avrxmega4\libc.a(malloc.o)
                0x00804000                __malloc_heap_end
                0x00804002                __malloc_heap_start
                0x00804004                __malloc_margin
 *(.data*)
 .data._ZL28g_antenna_connection_changed
                0x00804006        0x1 main.o
 .data._ZL15g_code_throttle
                0x00804007        0x2 main.o
 .data._ZL23g_WiFi_shutdown_seconds
                0x00804009        0x1 main.o
 .data._ZL13g_wifi_active
                0x0080400a        0x1 main.o
 .data.g_id_codespeed
                0x0080400b        0x1 main.o
                0x0080400b                g_id_codespeed
 .data.g_pattern_codespeed
                0x0080400c        0x1 main.o
                0x0080400c                g_pattern_codespeed
 .data.g_on_air_seconds
                0x0080400d        0x2 main.o
                0x0080400d                g_on_air_seconds
 .data.g_off_air_seconds
                0x0080400f        0x2 main.o
                0x0080400f                g_off_air_seconds
 .data.g_ID_period_seconds
                0x00804011        0x2 main.o
                0x00804011                g_ID_period_seconds
 .data._ZL11g_sleepType
                0x00804013        0x1 main.o
 .data._ZL17g_adcChannelOrder
                0x00804014        0x1 main.o
 .data._ZL19g_adcCountdownCount
                0x00804015        0x2 main.o
 .data.g_fox    0x00804017        0x1 main.o
                0x00804017                g_fox
 .data._ZZ11__vector_12E12charFinished
                0x00804018        0x1 main.o
 .data._ZZ11__vector_12E4idle
                0x00804019        0x1 main.o
 .data._ZZ19updateAntennaStatusvE16antennaReadCount
                0x0080401a        0x1 main.o
 .data._ZZ12temperatureCvE4wait
                0x0080401b        0x4 src/adc.o
 .data.g_i2c0_timeout_ticks
                0x0080401f        0x2 src/i2c.o
                0x0080401f                g_i2c0_timeout_ticks
 .data._ZL14g_bus_disabled
                0x00804021        0x1 src/linkbus.o
 .data.g_linkbus_usart_number
                0x00804022        0x1 src/linkbus.o
                0x00804022                g_linkbus_usart_number
 .data._ZZ9makeMorsePcPbS0_E6repeat
                0x00804023        0x1 src/morse.o
 .data._ZZ9makeMorsePcPbS0_E1c
                0x00804024        0x1 src/morse.o
 .data._ZZ9makeMorsePcPbS0_E15completedString
                0x00804025        0x1 src/morse.o
 .data.g_serialbus_usart_number
                0x00804026        0x1 src/serialbus.o
                0x00804026                g_serialbus_usart_number
 .data._ZL14g_bus_disabled
                0x00804027        0x1 src/serialbus.o
 .data._ZL9xtal_freq
                0x00804028        0x4 src/si5351.o
 .data.g_80m_frequency
                0x0080402c        0x4 src/transmitter.o
                0x0080402c                g_80m_frequency
 .data.g_80m_power_level_mW
                0x00804030        0x2 src/transmitter.o
                0x00804030                g_80m_power_level_mW
 .data.g_rtty_offset
                0x00804032        0x4 src/transmitter.o
                0x00804032                g_rtty_offset
 .data.g_tx_power_is_zero
                0x00804036        0x1 src/transmitter.o
                0x00804036                g_tx_power_is_zero
 .data.g_80m_power_table
                0x00804037       0x20 src/transmitter.o
                0x00804037                g_80m_power_table
 *(.gnu.linkonce.d*)
 *(.rodata)
 .rodata        0x00804057      0x3fa main.o
 .rodata        0x00804451        0x5 src/eeprommanager.o
 .rodata        0x00804456       0x17 src/linkbus.o
 .rodata        0x0080446d      0x174 src/util.o
 *(.rodata*)
 .rodata._ZL4crlf
                0x008045e1        0x2 src/serialbus.o
 .rodata._ZL10textPrompt
                0x008045e3        0x3 src/serialbus.o
 .rodata.str1.1
                0x008045e6       0x6b c:/program files (x86)/atmel/studio/7.0/toolchain/avr8/avr8-gnu-toolchain/bin/../lib/gcc/avr/5.4.0/../../../../avr/lib/avrxmega4\libc.a(strftime.o)
                                 0x7f (size before relaxing)
 *(.gnu.linkonce.r*)
                0x00804652                . = ALIGN (0x2)
 *fill*         0x00804651        0x1 
                0x00804652                _edata = .
                0x00804652                PROVIDE (__data_end, .)

.bss            0x00804652      0x464
                0x00804652                PROVIDE (__bss_start, .)
 *(.bss)
 *(.bss*)
 .bss._ZZ9serial_RxhE4buff
                0x00804652        0x2 driver_isr.o
 .bss._ZZ9serial_RxhE11ignoreCount
                0x00804654        0x1 driver_isr.o
 .bss._ZZ9serial_RxhE9charIndex
                0x00804655        0x1 driver_isr.o
 .bss._ZZ9serial_RxhE8textBuff
                0x00804656       0x32 driver_isr.o
 .bss._ZZ9serial_RxhE13receiving_msg
                0x00804688        0x1 driver_isr.o
 .bss._ZZ9serial_RxhE6msg_ID
                0x00804689        0x2 driver_isr.o
 .bss._ZZ9serial_RxhE11field_index
                0x0080468b        0x1 driver_isr.o
 .bss._ZZ9serial_RxhE9field_len
                0x0080468c        0x1 driver_isr.o
 .bss._ZZ11__vector_20E4buff
                0x0080468d        0x2 driver_isr.o
 .bss._ZZ11__vector_20E9charIndex
                0x0080468f        0x1 driver_isr.o
 .bss._ZZ11__vector_20E4buff_0
                0x00804690        0x2 driver_isr.o
 .bss._ZZ11__vector_20E9charIndex_0
                0x00804692        0x1 driver_isr.o
 .bss._ZZ10linkbus_RxhE4buff
                0x00804693        0x2 driver_isr.o
 .bss._ZZ10linkbus_RxhE10escapeNext
                0x00804695        0x1 driver_isr.o
 .bss._ZZ10linkbus_RxhE9charIndex
                0x00804696        0x1 driver_isr.o
 .bss._ZZ10linkbus_RxhE9field_len
                0x00804697        0x1 driver_isr.o
 .bss._ZZ10linkbus_RxhE10tempMsg_ID
                0x00804698        0x4 driver_isr.o
 .bss._ZZ10linkbus_RxhE13receiving_msg
                0x0080469c        0x1 driver_isr.o
 .bss._ZZ10linkbus_RxhE11field_index
                0x0080469d        0x1 driver_isr.o
 .bss._ZZ11__vector_32E4buff
                0x0080469e        0x2 driver_isr.o
 .bss._ZZ11__vector_32E9charIndex
                0x008046a0        0x1 driver_isr.o
 .bss._ZZ11__vector_32E4buff_0
                0x008046a1        0x2 driver_isr.o
 .bss._ZZ11__vector_32E9charIndex_0
                0x008046a3        0x1 driver_isr.o
 .bss._ZL9g_tempStr
                0x008046a4       0x32 main.o
 .bss._ZL17g_last_error_code
                0x008046d6        0x1 main.o
 .bss._ZL18g_last_status_code
                0x008046d7        0x1 main.o
 .bss._ZL21g_util_tick_countdown
                0x008046d8        0x2 main.o
 .bss.g_antenna_connect_state
                0x008046da        0x1 main.o
                0x008046da                g_antenna_connect_state
 .bss._ZL13g_start_event
                0x008046db        0x1 main.o
 .bss._ZL11g_end_event
                0x008046dc        0x1 main.o
 .bss._ZL12g_on_the_air
                0x008046dd        0x4 main.o
 .bss._ZL26g_sendID_seconds_countdown
                0x008046e1        0x2 main.o
 .bss._ZL16g_report_seconds
                0x008046e3        0x1 main.o
 .bss._ZL19g_wifi_enable_delay
                0x008046e4        0x1 main.o
 .bss._ZL20g_shutting_down_wifi
                0x008046e5        0x1 main.o
 .bss._ZL12g_wifi_ready
                0x008046e6        0x1 main.o
 .bss._ZL16g_hardware_error
                0x008046e7        0x2 main.o
 .bss.g_messages_text
                0x008046e9       0x2a main.o
                0x008046e9                g_messages_text
 .bss.g_time_needed_for_ID
                0x00804713        0x2 main.o
                0x00804713                g_time_needed_for_ID
 .bss.g_intra_cycle_delay_time
                0x00804715        0x2 main.o
                0x00804715                g_intra_cycle_delay_time
 .bss.g_event_start_epoch
                0x00804717        0x4 main.o
                0x00804717                g_event_start_epoch
 .bss.g_event_finish_epoch
                0x0080471b        0x4 main.o
                0x0080471b                g_event_finish_epoch
 .bss.g_event_enabled
                0x0080471f        0x1 main.o
                0x0080471f                g_event_enabled
 .bss.g_event_commenced
                0x00804720        0x1 main.o
                0x00804720                g_event_commenced
 .bss.g_check_for_next_event
                0x00804721        0x1 main.o
                0x00804721                g_check_for_next_event
 .bss.g_waiting_for_next_event
                0x00804722        0x1 main.o
                0x00804722                g_waiting_for_next_event
 .bss._ZL17g_go_to_sleep_now
                0x00804723        0x1 main.o
 .bss._ZL10g_sleeping
                0x00804724        0x1 main.o
 .bss._ZL17g_time_to_wake_up
                0x00804725        0x4 main.o
 .bss._ZL12g_awakenedBy
                0x00804729        0x1 main.o
 .bss._ZL12g_adcUpdated
                0x0080472a        0x1 main.o
 .bss._ZL22g_lastConversionResult
                0x0080472b        0x2 main.o
 .bss.g_switch_closed_count
                0x0080472d        0x2 main.o
                0x0080472d                g_switch_closed_count
 .bss.g_long_button_press
                0x0080472f        0x1 main.o
                0x0080472f                g_long_button_press
 .bss.g_Event_Configuration_Check
                0x00804730        0x2 main.o
                0x00804730                g_Event_Configuration_Check
 .bss.LEDS      0x00804732        0x1 main.o
                0x00804732                LEDS
 .bss.g_text_buff
                0x00804733        0x9 main.o
                0x00804733                g_text_buff
 .bss.g_ee_mgr  0x0080473c        0x1 main.o
                0x0080473c                g_ee_mgr
 .bss.g_utc_offset
                0x0080473d        0x1 main.o
                0x0080473d                g_utc_offset
 .bss.g_unlockCode
                0x0080473e        0x8 main.o
                0x0080473e                g_unlockCode
 .bss.g_use_rtc_for_startstop
                0x00804746        0x1 main.o
                0x00804746                g_use_rtc_for_startstop
 .bss.g_enable_manual_transmissions
                0x00804747        0x1 main.o
                0x00804747                g_enable_manual_transmissions
 .bss._ZZ11__vector_12E7codeInc
                0x00804748        0x2 main.o
 .bss._ZZ11__vector_12E3key
                0x0080474a        0x1 main.o
 .bss._ZZ11__vector_12E2cc
                0x0080474b        0x2 main.o
 .bss._ZZ11__vector_12E19conversionInProcess
                0x0080474d        0x1 main.o
 .bss._ZZ11__vector_12E24indexConversionInProcess
                0x0080474e        0x1 main.o
 .bss._ZZ11__vector_12E20holdConversionResult
                0x0080474f        0x2 main.o
 .bss._ZZ19handleSerialBusMsgsvE6pwr_mW
                0x00804751        0x2 main.o
 .bss._ZZ17handleLinkBusMsgsvE6pwr_mW
                0x00804753        0x2 main.o
 .bss._ZZ17handleLinkBusMsgsvE25new_event_parameter_count
                0x00804755        0x1 main.o
 .bss._ZZ19updateAntennaStatusvE26lastAntennaConnectionState
                0x00804756        0x1 main.o
 .bss.g_goertzel
                0x00804757        0x1 src/adc.o
                0x00804757                g_goertzel
 .bss._ZL20g_adc_initialization
                0x00804758        0x1 src/adc.o
 .bss._SAMPLING_FREQUENCY
                0x00804759        0x4 src/Goertzel.o
                0x00804759                _SAMPLING_FREQUENCY
 .bss._N        0x0080475d        0x2 src/Goertzel.o
                0x0080475d                _N
 .bss._index    0x0080475f        0x2 src/Goertzel.o
                0x0080475f                _index
 .bss._samplesReady
                0x00804761        0x1 src/Goertzel.o
                0x00804761                _samplesReady
 .bss.testData  0x00804762        0x2 src/Goertzel.o
                0x00804762                testData
 .bss._ZL16lastBlinkSetting
                0x00804764        0x1 src/leds.o
 .bss._ZL17led_timeout_count
                0x00804765        0x4 src/leds.o
 .bss._ZL19red_blink_on_period
                0x00804769        0x2 src/leds.o
 .bss._ZL20red_blink_off_period
                0x0080476b        0x2 src/leds.o
 .bss._ZL21green_blink_on_period
                0x0080476d        0x2 src/leds.o
 .bss._ZL22green_blink_off_period
                0x0080476f        0x2 src/leds.o
 .bss._ZL15red_blink_count
                0x00804771        0x2 src/leds.o
 .bss._ZL17green_blink_count
                0x00804773        0x2 src/leds.o
 .bss._ZL18red_led_configured
                0x00804775        0x1 src/leds.o
 .bss._ZL20green_led_configured
                0x00804776        0x1 src/leds.o
 .bss._ZL10g_override
                0x00804777        0x1 src/leds.o
 .bss._ZL13g_tempMsgBuff
                0x00804778       0x32 src/linkbus.o
 .bss._ZL17linkbus_tx_active
                0x008047aa        0x1 src/linkbus.o
 .bss._ZL9tx_buffer
                0x008047ab       0xc8 src/linkbus.o
 .bss._ZL9rx_buffer
                0x00804873       0xc6 src/linkbus.o
 .bss._ZZ18nextFullLBTxBuffervE11bufferIndex
                0x00804939        0x1 src/linkbus.o
 .bss._ZZ19nextEmptyLBTxBuffervE11bufferIndex
                0x0080493a        0x1 src/linkbus.o
 .bss._ZZ19nextEmptyLBRxBuffervE11bufferIndex
                0x0080493b        0x1 src/linkbus.o
 .bss._ZZ18nextFullLBRxBuffervE11bufferIndex
                0x0080493c        0x1 src/linkbus.o
 .bss._ZZ9makeMorsePcPbS0_E11holdKeyDown
                0x0080493d        0x1 src/morse.o
 .bss._ZZ9makeMorsePcPbS0_E3str
                0x0080493e        0x2 src/morse.o
 .bss._ZZ9makeMorsePcPbS0_E15morseInProgress
                0x00804940        0x3 src/morse.o
 .bss._ZZ9makeMorsePcPbS0_E9charIndex
                0x00804943        0x1 src/morse.o
 .bss._ZZ9makeMorsePcPbS0_E11symbolIndex
                0x00804944        0x1 src/morse.o
 .bss._ZZ9makeMorsePcPbS0_E12elementIndex
                0x00804945        0x1 src/morse.o
 .bss._ZZ9makeMorsePcPbS0_E10addedSpace
                0x00804946        0x1 src/morse.o
 .bss._ZZ9makeMorsePcPbS0_E9carrierOn
                0x00804947        0x1 src/morse.o
 .bss._ZL13g_tempMsgBuff
                0x00804948       0x32 src/serialbus.o
 .bss._ZL19serialbus_tx_active
                0x0080497a        0x1 src/serialbus.o
 .bss._ZL9tx_buffer
                0x0080497b       0x7b src/serialbus.o
 .bss._ZL9rx_buffer
                0x008049f6       0x7e src/serialbus.o
 .bss._ZZ18nextFullSBTxBufferE11bufferIndex
                0x00804a74        0x1 src/serialbus.o
 .bss._ZZ19nextEmptySBTxBufferE11bufferIndex
                0x00804a75        0x1 src/serialbus.o
 .bss._ZZ19nextEmptySBRxBufferE11bufferIndex
                0x00804a76        0x1 src/serialbus.o
 .bss._ZZ18nextFullSBRxBufferE11bufferIndex
                0x00804a77        0x1 src/serialbus.o
 .bss._ZL8freqVCOB
                0x00804a78        0x4 src/si5351.o
 .bss._ZL17enabledClocksMask
                0x00804a7c        0x1 src/si5351.o
 .bss._ZL9clock_out
                0x00804a7d        0xc src/si5351.o
 .bss.g_si5351_initialized
                0x00804a89        0x1 src/si5351.o
                0x00804a89                g_si5351_initialized
 .bss._ZZ11si5351_initE3err
                0x00804a8a        0x1 src/si5351.o
 .bss._ZL12g_ms_counter
                0x00804a8b        0x4 src/tcb.o
 .bss._ZL17delay_initialized
                0x00804a8f        0x1 src/tcb.o
 .bss._ZZ13util_delay_msE8counting
                0x00804a90        0x1 src/tcb.o
 .bss._ZZ13util_delay_msE14countdownValue
                0x00804a91        0x4 src/tcb.o
 .bss._ZL16g_tx_initialized
                0x00804a95        0x1 src/transmitter.o
 .bss._ZL23g_drain_voltage_enabled
                0x00804a96        0x1 src/transmitter.o
 .bss._ZL22g_final_output_setting
                0x00804a97        0x1 src/transmitter.o
 .bss._ZL21g_rf_output_inhibited
                0x00804a98        0x1 src/transmitter.o
 .bss._ZZ14keyTransmitterbE17transmitter_keyed
                0x00804a99        0x1 src/transmitter.o
 *(COMMON)
 COMMON         0x00804a9a        0x4 c:/program files (x86)/atmel/studio/7.0/toolchain/avr8/avr8-gnu-toolchain/bin/../lib/gcc/avr/5.4.0/../../../../avr/lib/avrxmega4\libc.a(malloc.o)
                0x00804a9a                __brkval
                0x00804a9c                __flp
 COMMON         0x00804a9e        0x4 c:/program files (x86)/atmel/studio/7.0/toolchain/avr8/avr8-gnu-toolchain/bin/../lib/gcc/avr/5.4.0/../../../../avr/lib/avrxmega4\libc.a(system_time.o)
                0x00804a9e                __system_time
 COMMON         0x00804aa2        0xc c:/program files (x86)/atmel/studio/7.0/toolchain/avr8/avr8-gnu-toolchain/bin/../lib/gcc/avr/5.4.0/../../../../avr/lib/avrxmega4\libc.a(tm_store.o)
                0x00804aa2                __tm_store
 COMMON         0x00804aae        0x4 c:/program files (x86)/atmel/studio/7.0/toolchain/avr8/avr8-gnu-toolchain/bin/../lib/gcc/avr/5.4.0/../../../../avr/lib/avrxmega4\libc.a(utc_offset.o)
                0x00804aae                __utc_offset
 COMMON         0x00804ab2        0x2 c:/program files (x86)/atmel/studio/7.0/toolchain/avr8/avr8-gnu-toolchain/bin/../lib/gcc/avr/5.4.0/../../../../avr/lib/avrxmega4\libc.a(dst_pointer.o)
                0x00804ab2                __dst_ptr
 COMMON         0x00804ab4        0x2 c:/program files (x86)/atmel/studio/7.0/toolchain/avr8/avr8-gnu-toolchain/bin/../lib/gcc/avr/5.4.0/../../../../avr/lib/avrxmega4\libc.a(errno.o)
                0x00804ab4                errno
                0x00804ab6                PROVIDE (__bss_end, .)
                0x0000f898                __data_load_start = LOADADDR (.data)
                0x0000feea                __data_load_end = (__data_load_start + SIZEOF (.data))

.noinit         0x00804ab6        0x0
                [!provide]                PROVIDE (__noinit_start, .)
 *(.noinit*)
                [!provide]                PROVIDE (__noinit_end, .)
                0x00804ab6                _end = .
                0x00804ab6                PROVIDE (__heap_start, .)

.eeprom         0x00810000       0x53
 *(.eeprom*)
 .eeprom        0x00810000       0x53 src/eeprommanager.o
                0x00810000                _ZN13EepromManager7ee_varsE
                0x00810053                __eeprom_end = .

.fuse
 *(.fuse)
 *(.lfuse)
 *(.hfuse)
 *(.efuse)

.lock
 *(.lock*)

.signature
 *(.signature*)

.user_signatures
 *(.user_signatures*)

.stab
 *(.stab)

.stabstr
 *(.stabstr)

.stab.excl
 *(.stab.excl)

.stab.exclstr
 *(.stab.exclstr)

.stab.index
 *(.stab.index)

.stab.indexstr
 *(.stab.indexstr)

.comment        0x00000000       0x5c
 *(.comment)
 .comment       0x00000000       0x30 atmel_start.o
                                 0x31 (size before relaxing)
 .comment       0x00000030       0x31 driver_isr.o
 .comment       0x00000030       0x31 main.o
 .comment       0x00000030       0x31 src/adc.o
 .comment       0x00000030       0x31 src/binio.o
 .comment       0x00000030       0x31 src/bod.o
 .comment       0x00000030       0x31 src/CircularStringBuff.o
 .comment       0x00000030       0x31 src/clkctrl.o
 .comment       0x00000030       0x31 src/cpuint.o
 .comment       0x00000030       0x31 src/dac0.o
 .comment       0x00000030       0x31 src/driver_init.o
 .comment       0x00000030       0x31 src/eeprommanager.o
 .comment       0x00000030       0x31 src/Goertzel.o
 .comment       0x00000030       0x31 src/huzzah.o
 .comment       0x00000030       0x31 src/i2c.o
 .comment       0x00000030       0x31 src/leds.o
 .comment       0x00000030       0x31 src/linkbus.o
 .comment       0x00000030       0x31 src/morse.o
 .comment       0x00000030       0x31 src/rtc.o
 .comment       0x00000030       0x31 src/serialbus.o
 .comment       0x00000030       0x31 src/si5351.o
 .comment       0x00000030       0x31 src/slpctrl.o
 .comment       0x00000030       0x31 src/tcb.o
 .comment       0x00000030       0x31 src/transmitter.o
 .comment       0x00000030       0x31 src/usart_basic.o
 .comment       0x00000030       0x31 src/util.o
 .comment       0x00000030       0x31 c:/program files (x86)/atmel/studio/7.0/toolchain/avr8/avr8-gnu-toolchain/bin/../lib/gcc/avr/5.4.0/../../../../avr/lib/avrxmega4\libc.a(dtostrf.o)
 .comment       0x00000030       0x31 c:/program files (x86)/atmel/studio/7.0/toolchain/avr8/avr8-gnu-toolchain/bin/../lib/gcc/avr/5.4.0/../../../../avr/lib/avrxmega4\libc.a(malloc.o)
 .comment       0x00000030       0x31 c:/program files (x86)/atmel/studio/7.0/toolchain/avr8/avr8-gnu-toolchain/bin/../lib/gcc/avr/5.4.0/../../../../avr/lib/avrxmega4\libc.a(sprintf.o)
 .comment       0x00000030       0x31 c:/program files (x86)/atmel/studio/7.0/toolchain/avr8/avr8-gnu-toolchain/bin/../lib/gcc/avr/5.4.0/../../../../avr/lib/avrxmega4\libc.a(isLeap.o)
 .comment       0x00000030       0x31 c:/program files (x86)/atmel/studio/7.0/toolchain/avr8/avr8-gnu-toolchain/bin/../lib/gcc/avr/5.4.0/../../../../avr/lib/avrxmega4\libc.a(localtime.o)
 .comment       0x00000030       0x31 c:/program files (x86)/atmel/studio/7.0/toolchain/avr8/avr8-gnu-toolchain/bin/../lib/gcc/avr/5.4.0/../../../../avr/lib/avrxmega4\libc.a(localtime_r.o)
 .comment       0x00000030       0x31 c:/program files (x86)/atmel/studio/7.0/toolchain/avr8/avr8-gnu-toolchain/bin/../lib/gcc/avr/5.4.0/../../../../avr/lib/avrxmega4\libc.a(month_length.o)
 .comment       0x00000030       0x31 c:/program files (x86)/atmel/studio/7.0/toolchain/avr8/avr8-gnu-toolchain/bin/../lib/gcc/avr/5.4.0/../../../../avr/lib/avrxmega4\libc.a(set_system_time.o)
 .comment       0x00000030       0x31 c:/program files (x86)/atmel/studio/7.0/toolchain/avr8/avr8-gnu-toolchain/bin/../lib/gcc/avr/5.4.0/../../../../avr/lib/avrxmega4\libc.a(strftime.o)
 .comment       0x00000030       0x31 c:/program files (x86)/atmel/studio/7.0/toolchain/avr8/avr8-gnu-toolchain/bin/../lib/gcc/avr/5.4.0/../../../../avr/lib/avrxmega4\libc.a(system_time.o)
 .comment       0x00000030       0x31 c:/program files (x86)/atmel/studio/7.0/toolchain/avr8/avr8-gnu-toolchain/bin/../lib/gcc/avr/5.4.0/../../../../avr/lib/avrxmega4\libc.a(time.o)
 .comment       0x00000030       0x31 c:/program files (x86)/atmel/studio/7.0/toolchain/avr8/avr8-gnu-toolchain/bin/../lib/gcc/avr/5.4.0/../../../../avr/lib/avrxmega4\libc.a(tm_store.o)
 .comment       0x00000030       0x2c c:/program files (x86)/atmel/studio/7.0/toolchain/avr8/avr8-gnu-toolchain/bin/../lib/gcc/avr/5.4.0/../../../../avr/lib/avrxmega4\libc.a(utc_offset.o)
                                 0x2d (size before relaxing)
 .comment       0x0000005c       0x31 c:/program files (x86)/atmel/studio/7.0/toolchain/avr8/avr8-gnu-toolchain/bin/../lib/gcc/avr/5.4.0/../../../../avr/lib/avrxmega4\libc.a(week_of_year.o)
 .comment       0x0000005c       0x2d c:/program files (x86)/atmel/studio/7.0/toolchain/avr8/avr8-gnu-toolchain/bin/../lib/gcc/avr/5.4.0/../../../../avr/lib/avrxmega4\libc.a(vfprintf_std.o)
 .comment       0x0000005c       0x31 c:/program files (x86)/atmel/studio/7.0/toolchain/avr8/avr8-gnu-toolchain/bin/../lib/gcc/avr/5.4.0/../../../../avr/lib/avrxmega4\libc.a(dtoa_prf.o)
 .comment       0x0000005c       0x31 c:/program files (x86)/atmel/studio/7.0/toolchain/avr8/avr8-gnu-toolchain/bin/../lib/gcc/avr/5.4.0/../../../../avr/lib/avrxmega4\libc.a(strtod.o)
 .comment       0x0000005c       0x31 c:/program files (x86)/atmel/studio/7.0/toolchain/avr8/avr8-gnu-toolchain/bin/../lib/gcc/avr/5.4.0/../../../../avr/lib/avrxmega4\libc.a(fputc.o)
 .comment       0x0000005c       0x31 c:/program files (x86)/atmel/studio/7.0/toolchain/avr8/avr8-gnu-toolchain/bin/../lib/gcc/avr/5.4.0/../../../../avr/lib/avrxmega4\libc.a(asctime_r.o)
 .comment       0x0000005c       0x31 c:/program files (x86)/atmel/studio/7.0/toolchain/avr8/avr8-gnu-toolchain/bin/../lib/gcc/avr/5.4.0/../../../../avr/lib/avrxmega4\libc.a(dst_pointer.o)
 .comment       0x0000005c       0x31 c:/program files (x86)/atmel/studio/7.0/toolchain/avr8/avr8-gnu-toolchain/bin/../lib/gcc/avr/5.4.0/../../../../avr/lib/avrxmega4\libc.a(gmtime_r.o)
 .comment       0x0000005c       0x31 c:/program files (x86)/atmel/studio/7.0/toolchain/avr8/avr8-gnu-toolchain/bin/../lib/gcc/avr/5.4.0/../../../../avr/lib/avrxmega4\libc.a(iso_week_date_r.o)
 .comment       0x0000005c       0x31 c:/program files (x86)/atmel/studio/7.0/toolchain/avr8/avr8-gnu-toolchain/bin/../lib/gcc/avr/5.4.0/../../../../avr/lib/avrxmega4\libc.a(print_lz.o)
 .comment       0x0000005c       0x2d c:/program files (x86)/atmel/studio/7.0/toolchain/avr8/avr8-gnu-toolchain/bin/../lib/gcc/avr/5.4.0/../../../../avr/lib/avrxmega4\libc.a(errno.o)

.note.gnu.avr.deviceinfo
                0x00000000       0x40
 .note.gnu.avr.deviceinfo
                0x00000000       0x40 C:/Program Files (x86)/Atmel/Studio/7.0/Packs/atmel/AVR-Dx_DFP/1.9.103/gcc/dev/avr128da28/avrxmega4/crtavr128da28.o

.note.gnu.build-id
 *(.note.gnu.build-id)

.debug
 *(.debug)

.line
 *(.line)

.debug_srcinfo
 *(.debug_srcinfo)

.debug_sfnames
 *(.debug_sfnames)

.debug_aranges  0x00000000      0xb90
 *(.debug_aranges)
 .debug_aranges
                0x00000000       0x20 atmel_start.o
 .debug_aranges
                0x00000020       0x48 driver_isr.o
 .debug_aranges
                0x00000068      0x158 main.o
 .debug_aranges
                0x000001c0       0x88 src/adc.o
 .debug_aranges
                0x00000248       0x70 src/binio.o
 .debug_aranges
                0x000002b8       0x20 src/bod.o
 .debug_aranges
                0x000002d8       0x68 src/CircularStringBuff.o
 .debug_aranges
                0x00000340       0x28 src/clkctrl.o
 .debug_aranges
                0x00000368       0x20 src/cpuint.o
 .debug_aranges
                0x00000388       0x30 src/dac0.o
 .debug_aranges
                0x000003b8       0x60 src/driver_init.o
 .debug_aranges
                0x00000418       0x60 src/eeprommanager.o
 .debug_aranges
                0x00000478       0x60 src/Goertzel.o
 .debug_aranges
                0x000004d8       0x40 src/huzzah.o
 .debug_aranges
                0x00000518       0x58 src/i2c.o
 .debug_aranges
                0x00000570       0x78 src/leds.o
 .debug_aranges
                0x000005e8       0xd8 src/linkbus.o
 .debug_aranges
                0x000006c0       0x30 src/morse.o
 .debug_aranges
                0x000006f0       0x20 src/protected_io.o
 .debug_aranges
                0x00000710       0x28 src/rtc.o
 .debug_aranges
                0x00000738      0x118 src/serialbus.o
 .debug_aranges
                0x00000850       0xc8 src/si5351.o
 .debug_aranges
                0x00000918       0x28 src/slpctrl.o
 .debug_aranges
                0x00000940       0x40 src/tcb.o
 .debug_aranges
                0x00000980       0x98 src/transmitter.o
 .debug_aranges
                0x00000a18       0xc8 src/usart_basic.o
 .debug_aranges
                0x00000ae0       0x50 src/util.o
 .debug_aranges
                0x00000b30       0x20 C:/Program Files (x86)/Atmel/Studio/7.0/Packs/atmel/AVR-Dx_DFP/1.9.103/gcc/dev/avr128da28/avrxmega4\libavr128da28.a(eerd_byte.o)
 .debug_aranges
                0x00000b50       0x20 C:/Program Files (x86)/Atmel/Studio/7.0/Packs/atmel/AVR-Dx_DFP/1.9.103/gcc/dev/avr128da28/avrxmega4\libavr128da28.a(eerd_dword.o)
 .debug_aranges
                0x00000b70       0x20 C:/Program Files (x86)/Atmel/Studio/7.0/Packs/atmel/AVR-Dx_DFP/1.9.103/gcc/dev/avr128da28/avrxmega4\libavr128da28.a(eerd_word.o)

.debug_pubnames
 *(.debug_pubnames)

.debug_info     0x00000000     0xefad
 *(.debug_info .gnu.linkonce.wi.*)
 .debug_info    0x00000000     0x220c C:/Program Files (x86)/Atmel/Studio/7.0/Packs/atmel/AVR-Dx_DFP/1.9.103/gcc/dev/avr128da28/avrxmega4/crtavr128da28.o
 .debug_info    0x0000220c       0x7e atmel_start.o
 .debug_info    0x0000228a      0x7ff driver_isr.o
 .debug_info    0x00002a89     0x2c78 main.o
 .debug_info    0x00005701      0xd5e src/adc.o
 .debug_info    0x0000645f      0x675 src/binio.o
 .debug_info    0x00006ad4      0x188 src/bod.o
 .debug_info    0x00006c5c      0x437 src/CircularStringBuff.o
 .debug_info    0x00007093      0x2b4 src/clkctrl.o
 .debug_info    0x00007347       0x8d src/cpuint.o
 .debug_info    0x000073d4      0x411 src/dac0.o
 .debug_info    0x000077e5      0x4db src/driver_init.o
 .debug_info    0x00007cc0      0xd71 src/eeprommanager.o
 .debug_info    0x00008a31      0x5c3 src/Goertzel.o
 .debug_info    0x00008ff4      0x36b src/huzzah.o
 .debug_info    0x0000935f      0x74a src/i2c.o
 .debug_info    0x00009aa9      0x7f0 src/leds.o
 .debug_info    0x0000a299      0xc82 src/linkbus.o
 .debug_info    0x0000af1b      0x2c4 src/morse.o
 .debug_info    0x0000b1df       0x8a src/protected_io.o
 .debug_info    0x0000b269      0x2f3 src/rtc.o
 .debug_info    0x0000b55c      0xe6a src/serialbus.o
 .debug_info    0x0000c3c6      0xd58 src/si5351.o
 .debug_info    0x0000d11e      0x134 src/slpctrl.o
 .debug_info    0x0000d252      0x99a src/tcb.o
 .debug_info    0x0000dbec      0x820 src/transmitter.o
 .debug_info    0x0000e40c      0x4c2 src/usart_basic.o
 .debug_info    0x0000e8ce      0x501 src/util.o
 .debug_info    0x0000edcf       0x9f C:/Program Files (x86)/Atmel/Studio/7.0/Packs/atmel/AVR-Dx_DFP/1.9.103/gcc/dev/avr128da28/avrxmega4\libavr128da28.a(eerd_byte.o)
 .debug_info    0x0000ee6e       0xa0 C:/Program Files (x86)/Atmel/Studio/7.0/Packs/atmel/AVR-Dx_DFP/1.9.103/gcc/dev/avr128da28/avrxmega4\libavr128da28.a(eerd_dword.o)
 .debug_info    0x0000ef0e       0x9f C:/Program Files (x86)/Atmel/Studio/7.0/Packs/atmel/AVR-Dx_DFP/1.9.103/gcc/dev/avr128da28/avrxmega4\libavr128da28.a(eerd_word.o)

.debug_abbrev   0x00000000     0x4e6d
 *(.debug_abbrev)
 .debug_abbrev  0x00000000     0x203e C:/Program Files (x86)/Atmel/Studio/7.0/Packs/atmel/AVR-Dx_DFP/1.9.103/gcc/dev/avr128da28/avrxmega4/crtavr128da28.o
 .debug_abbrev  0x0000203e       0x42 atmel_start.o
 .debug_abbrev  0x00002080      0x1ec driver_isr.o
 .debug_abbrev  0x0000226c      0x4e7 main.o
 .debug_abbrev  0x00002753      0x30e src/adc.o
 .debug_abbrev  0x00002a61      0x210 src/binio.o
 .debug_abbrev  0x00002c71       0xaf src/bod.o
 .debug_abbrev  0x00002d20      0x1b4 src/CircularStringBuff.o
 .debug_abbrev  0x00002ed4       0xdb src/clkctrl.o
 .debug_abbrev  0x00002faf       0x51 src/cpuint.o
 .debug_abbrev  0x00003000      0x132 src/dac0.o
 .debug_abbrev  0x00003132      0x15a src/driver_init.o
 .debug_abbrev  0x0000328c      0x2f5 src/eeprommanager.o
 .debug_abbrev  0x00003581      0x1eb src/Goertzel.o
 .debug_abbrev  0x0000376c       0xfd src/huzzah.o
 .debug_abbrev  0x00003869      0x1b5 src/i2c.o
 .debug_abbrev  0x00003a1e      0x280 src/leds.o
 .debug_abbrev  0x00003c9e      0x2d0 src/linkbus.o
 .debug_abbrev  0x00003f6e       0xe9 src/morse.o
 .debug_abbrev  0x00004057       0x14 src/protected_io.o
 .debug_abbrev  0x0000406b       0xca src/rtc.o
 .debug_abbrev  0x00004135      0x304 src/serialbus.o
 .debug_abbrev  0x00004439      0x26e src/si5351.o
 .debug_abbrev  0x000046a7       0xc2 src/slpctrl.o
 .debug_abbrev  0x00004769      0x161 src/tcb.o
 .debug_abbrev  0x000048ca      0x25d src/transmitter.o
 .debug_abbrev  0x00004b27      0x197 src/usart_basic.o
 .debug_abbrev  0x00004cbe      0x173 src/util.o
 .debug_abbrev  0x00004e31       0x14 C:/Program Files (x86)/Atmel/Studio/7.0/Packs/atmel/AVR-Dx_DFP/1.9.103/gcc/dev/avr128da28/avrxmega4\libavr128da28.a(eerd_byte.o)
 .debug_abbrev  0x00004e45       0x14 C:/Program Files (x86)/Atmel/Studio/7.0/Packs/atmel/AVR-Dx_DFP/1.9.103/gcc/dev/avr128da28/avrxmega4\libavr128da28.a(eerd_dword.o)
 .debug_abbrev  0x00004e59       0x14 C:/Program Files (x86)/Atmel/Studio/7.0/Packs/atmel/AVR-Dx_DFP/1.9.103/gcc/dev/avr128da28/avrxmega4\libavr128da28.a(eerd_word.o)

.debug_line     0x00000000     0x9caf
 *(.debug_line .debug_line.* .debug_line_end)
 .debug_line    0x00000000      0x18d C:/Program Files (x86)/Atmel/Studio/7.0/Packs/atmel/AVR-Dx_DFP/1.9.103/gcc/dev/avr128da28/avrxmega4/crtavr128da28.o
 .debug_line    0x0000018d       0x4c atmel_start.o
 .debug_line    0x000001d9      0x6e9 driver_isr.o
 .debug_line    0x000008c2     0x29f7 main.o
 .debug_line    0x000032b9      0x471 src/adc.o
 .debug_line    0x0000372a      0x3bf src/binio.o
 .debug_line    0x00003ae9      0x11b src/bod.o
 .debug_line    0x00003c04      0x2a9 src/CircularStringBuff.o
 .debug_line    0x00003ead      0x151 src/clkctrl.o
 .debug_line    0x00003ffe       0xb3 src/cpuint.o
 .debug_line    0x000040b1      0x173 src/dac0.o
 .debug_line    0x00004224      0x37c src/driver_init.o
 .debug_line    0x000045a0      0x92b src/eeprommanager.o
 .debug_line    0x00004ecb      0x25c src/Goertzel.o
 .debug_line    0x00005127      0x1fe src/huzzah.o
 .debug_line    0x00005325      0x455 src/i2c.o
 .debug_line    0x0000577a      0x66d src/leds.o
 .debug_line    0x00005de7      0x7fe src/linkbus.o
 .debug_line    0x000065e5      0x890 src/morse.o
 .debug_line    0x00006e75       0x5b src/protected_io.o