Drill report for SignalSlinger.kicad_pcb
Created on 

Copper Layer Stackup:
    =============================================================
    L1 :  F.Cu                      front
    L2 :  In1.Cu                    in1
    L3 :  In2.Cu                    in2
    L4 :  B.Cu                      back


Drill file 'SignalSlinger-PTH.drl' contains
    plated through holes:
    =============================================================
    T1  0.331mm  0.0130"  (2 holes)
    T2  0.400mm  0.0157"  (431 holes)
    T3  0.600mm  0.0236"  (2 holes)
    T4  0.650mm  0.0256"  (5 holes)
    T5  0.700mm  0.0276"  (10 holes)
    T6  0.890mm  0.0350"  (2 holes)
    T7  1.000mm  0.0394"  (27 holes)
    T8  1.001mm  0.0394"  (3 holes)
    T9  1.016mm  0.0400"  (8 holes)
    T10  1.100mm  0.0433"  (3 holes)
    T11  2.010mm  0.0791"  (2 holes)

    Total plated holes count 495


Drill file 'SignalSlinger-NPTH.drl' contains
    unplated through holes:
    =============================================================
    T1  2.000mm  0.0787"  (1 hole)
    T2  3.500mm  0.1378"  (5 holes)

    Total unplated holes count 6
